Component: ARM Compiler 5.06 update 7 (build 960) Tool: armlink [4d3601]

==============================================================================

Section Cross References

    startup_stm32f103xb.o(STACK) refers (Special) to heapauxi.o(.text) for __use_two_region_memory
    startup_stm32f103xb.o(HEAP) refers (Special) to heapauxi.o(.text) for __use_two_region_memory
    startup_stm32f103xb.o(RESET) refers (Special) to heapauxi.o(.text) for __use_two_region_memory
    startup_stm32f103xb.o(RESET) refers to startup_stm32f103xb.o(STACK) for __initial_sp
    startup_stm32f103xb.o(RESET) refers to startup_stm32f103xb.o(.text) for Reset_Handler
    startup_stm32f103xb.o(RESET) refers to stm32f1xx_it.o(i.NMI_Handler) for NMI_Handler
    startup_stm32f103xb.o(RESET) refers to stm32f1xx_it.o(i.HardFault_Handler) for HardFault_Handler
    startup_stm32f103xb.o(RESET) refers to stm32f1xx_it.o(i.MemManage_Handler) for MemManage_Handler
    startup_stm32f103xb.o(RESET) refers to stm32f1xx_it.o(i.BusFault_Handler) for BusFault_Handler
    startup_stm32f103xb.o(RESET) refers to stm32f1xx_it.o(i.UsageFault_Handler) for UsageFault_Handler
    startup_stm32f103xb.o(RESET) refers to stm32f1xx_it.o(i.SVC_Handler) for SVC_Handler
    startup_stm32f103xb.o(RESET) refers to stm32f1xx_it.o(i.DebugMon_Handler) for DebugMon_Handler
    startup_stm32f103xb.o(RESET) refers to stm32f1xx_it.o(i.PendSV_Handler) for PendSV_Handler
    startup_stm32f103xb.o(RESET) refers to stm32f1xx_it.o(i.SysTick_Handler) for SysTick_Handler
    startup_stm32f103xb.o(RESET) refers to stm32f1xx_it.o(i.CAN1_RX1_IRQHandler) for CAN1_RX1_IRQHandler
    startup_stm32f103xb.o(RESET) refers to stm32f1xx_it.o(i.TIM2_IRQHandler) for TIM2_IRQHandler
    startup_stm32f103xb.o(RESET) refers to stm32f1xx_it.o(i.TIM3_IRQHandler) for TIM3_IRQHandler
    startup_stm32f103xb.o(RESET) refers to stm32f1xx_it.o(i.TIM4_IRQHandler) for TIM4_IRQHandler
    startup_stm32f103xb.o(.text) refers (Special) to heapauxi.o(.text) for __use_two_region_memory
    startup_stm32f103xb.o(.text) refers to system_stm32f1xx.o(i.SystemInit) for SystemInit
    startup_stm32f103xb.o(.text) refers to __main.o(!!!main) for __main
    startup_stm32f103xb.o(.text) refers to startup_stm32f103xb.o(HEAP) for Heap_Mem
    startup_stm32f103xb.o(.text) refers to startup_stm32f103xb.o(STACK) for Stack_Mem
    motor.o(i.ClearEncoderAndAngle) refers to motor.o(.data) for .data
    motor.o(i.EncoderCounterOverflow) refers to main.o(.bss) for htim2
    motor.o(i.EncoderCounterOverflow) refers to motor.o(.data) for .data
    motor.o(i.GetMotorPosition) refers to motor.o(.data) for .data
    motor.o(i.MotorInit) refers to stm32f1xx_hal_tim.o(i.HAL_TIM_Base_Start_IT) for HAL_TIM_Base_Start_IT
    motor.o(i.MotorInit) refers to stm32f1xx_hal_tim.o(i.HAL_TIM_PWM_Start) for HAL_TIM_PWM_Start
    motor.o(i.MotorInit) refers to pid.o(i.PIDInit) for PIDInit
    motor.o(i.MotorInit) refers to main.o(.bss) for htim2
    motor.o(i.MotorInit) refers to motor.o(.bss) for .bss
    motor.o(i.PID_Control) refers to f2d.o(x$fpl$f2d) for __aeabi_f2d
    motor.o(i.PID_Control) refers to pid.o(i.PIDCalc) for PIDCalc
    motor.o(i.PID_Control) refers to faddsub_clz.o(x$fpl$fadd) for __aeabi_fadd
    motor.o(i.PID_Control) refers to motor.o(i.SetPWM) for SetPWM
    motor.o(i.PID_Control) refers to overcurrentprotection.o(i.UpdateOverCurrentProtection) for UpdateOverCurrentProtection
    motor.o(i.PID_Control) refers to motor.o(.data) for .data
    motor.o(i.PID_Control) refers to motor.o(.bss) for .bss
    motor.o(i.SetAngularSpeed) refers to f2d.o(x$fpl$f2d) for __aeabi_f2d
    motor.o(i.SetAngularSpeed) refers to pid.o(i.SetPIDObject) for SetPIDObject
    motor.o(i.SetAngularSpeed) refers to motor.o(.bss) for .bss
    motor.o(i.SetAngularSpeedToZero) refers to motor.o(i.SetAngularSpeed) for SetAngularSpeed
    motor.o(i.SetAngularSpeedToZero) refers to motor.o(.data) for .data
    motor.o(i.SetMotorPosition) refers to ffix.o(x$fpl$ffix) for __aeabi_f2iz
    motor.o(i.SetMotorPosition) refers to motor.o(.data) for .data
    motor.o(i.SetPWM) refers to fmul.o(x$fpl$fmul) for __aeabi_fmul
    motor.o(i.SetPWM) refers to faddsub_clz.o(x$fpl$fsub) for __aeabi_fsub
    motor.o(i.SetPWM) refers to ffixu.o(x$fpl$ffixu) for __aeabi_f2uiz
    motor.o(i.UpdateEncoderCount) refers to fflt_clz.o(x$fpl$fflt) for __aeabi_i2f
    motor.o(i.UpdateEncoderCount) refers to f2d.o(x$fpl$f2d) for __aeabi_f2d
    motor.o(i.UpdateEncoderCount) refers to dmul.o(x$fpl$dmul) for __aeabi_dmul
    motor.o(i.UpdateEncoderCount) refers to d2f.o(x$fpl$d2f) for __aeabi_d2f
    motor.o(i.UpdateEncoderCount) refers to faddsub_clz.o(x$fpl$fsub) for __aeabi_fsub
    motor.o(i.UpdateEncoderCount) refers to ddiv.o(x$fpl$ddiv) for __aeabi_ddiv
    motor.o(i.UpdateEncoderCount) refers to main.o(.bss) for htim2
    motor.o(i.UpdateEncoderCount) refers to motor.o(.data) for .data
[...]
    C:\Users\Wolf\STM32Cube\Repository\STM32Cube_FW_F1_V1.8.4\Drivers\STM32F1xx_HAL_Driver\Src\stm32f1xx_hal_tim.c 0x00000000   Number         0  stm32f1xx_hal_tim.o ABSOLUTE
    C:\Users\Wolf\STM32Cube\Repository\STM32Cube_FW_F1_V1.8.4\Drivers\STM32F1xx_HAL_Driver\Src\stm32f1xx_hal_tim_ex.c 0x00000000   Number         0  stm32f1xx_hal_tim_ex.o ABSOLUTE
    dc.s                                     0x00000000   Number         0  dc.o ABSOLUTE
    startup_stm32f103xb.s                    0x00000000   Number         0  startup_stm32f103xb.o ABSOLUTE
    RESET                                    0x08000000   Section      236  startup_stm32f103xb.o(RESET)
    !!!main                                  0x080000ec   Section        8  __main.o(!!!main)
    !!!scatter                               0x080000f4   Section       52  __scatter.o(!!!scatter)
    !!handler_copy                           0x08000128   Section       26  __scatter_copy.o(!!handler_copy)
    !!handler_zi                             0x08000144   Section       28  __scatter_zi.o(!!handler_zi)
    .ARM.Collect$$libinit$$00000000          0x08000160   Section        2  libinit.o(.ARM.Collect$$libinit$$00000000)
    .ARM.Collect$$libinit$$00000002          0x08000162   Section        0  libinit2.o(.ARM.Collect$$libinit$$00000002)
    .ARM.Collect$$libinit$$00000004          0x08000162   Section        0  libinit2.o(.ARM.Collect$$libinit$$00000004)
    .ARM.Collect$$libinit$$0000000A          0x08000162   Section        0  libinit2.o(.ARM.Collect$$libinit$$0000000A)
    .ARM.Collect$$libinit$$0000000C          0x08000162   Section        0  libinit2.o(.ARM.Collect$$libinit$$0000000C)
    .ARM.Collect$$libinit$$0000000E          0x08000162   Section        0  libinit2.o(.ARM.Collect$$libinit$$0000000E)
    .ARM.Collect$$libinit$$00000011          0x08000162   Section        0  libinit2.o(.ARM.Collect$$libinit$$00000011)
    .ARM.Collect$$libinit$$00000013          0x08000162   Section        0  libinit2.o(.ARM.Collect$$libinit$$00000013)
    .ARM.Collect$$libinit$$00000015          0x08000162   Section        0  libinit2.o(.ARM.Collect$$libinit$$00000015)
    .ARM.Collect$$libinit$$00000017          0x08000162   Section        0  libinit2.o(.ARM.Collect$$libinit$$00000017)
    .ARM.Collect$$libinit$$00000019          0x08000162   Section        0  libinit2.o(.ARM.Collect$$libinit$$00000019)
    .ARM.Collect$$libinit$$0000001B          0x08000162   Section        0  libinit2.o(.ARM.Collect$$libinit$$0000001B)
    .ARM.Collect$$libinit$$0000001D          0x08000162   Section        0  libinit2.o(.ARM.Collect$$libinit$$0000001D)
    .ARM.Collect$$libinit$$0000001F          0x08000162   Section        0  libinit2.o(.ARM.Collect$$libinit$$0000001F)
    .ARM.Collect$$libinit$$00000021          0x08000162   Section        0  libinit2.o(.ARM.Collect$$libinit$$00000021)
    .ARM.Collect$$libinit$$00000023          0x08000162   Section        0  libinit2.o(.ARM.Collect$$libinit$$00000023)
    .ARM.Collect$$libinit$$00000025          0x08000162   Section        0  libinit2.o(.ARM.Collect$$libinit$$00000025)
    .ARM.Collect$$libinit$$0000002C          0x08000162   Section        0  libinit2.o(.ARM.Collect$$libinit$$0000002C)
    .ARM.Collect$$libinit$$0000002E          0x08000162   Section        0  libinit2.o(.ARM.Collect$$libinit$$0000002E)
    .ARM.Collect$$libinit$$00000030          0x08000162   Section        0  libinit2.o(.ARM.Collect$$libinit$$00000030)
    .ARM.Collect$$libinit$$00000032          0x08000162   Section        0  libinit2.o(.ARM.Collect$$libinit$$00000032)
    .ARM.Collect$$libinit$$00000033          0x08000162   Section        2  libinit2.o(.ARM.Collect$$libinit$$00000033)
    .ARM.Collect$$libshutdown$$00000000      0x08000164   Section        2  libshutdown.o(.ARM.Collect$$libshutdown$$00000000)
    .ARM.Collect$$libshutdown$$00000002      0x08000166   Section        0  libshutdown2.o(.ARM.Collect$$libshutdown$$00000002)
    .ARM.Collect$$libshutdown$$00000004      0x08000166   Section        0  libshutdown2.o(.ARM.Collect$$libshutdown$$00000004)
    .ARM.Collect$$libshutdown$$00000006      0x08000166   Section        0  libshutdown2.o(.ARM.Collect$$libshutdown$$00000006)
    .ARM.Collect$$libshutdown$$00000009      0x08000166   Section        0  libshutdown2.o(.ARM.Collect$$libshutdown$$00000009)
    .ARM.Collect$$libshutdown$$0000000C      0x08000166   Section        0  libshutdown2.o(.ARM.Collect$$libshutdown$$0000000C)
    .ARM.Collect$$libshutdown$$0000000E      0x08000166   Section        0  libshutdown2.o(.ARM.Collect$$libshutdown$$0000000E)
    .ARM.Collect$$libshutdown$$00000011      0x08000166   Section        0  libshutdown2.o(.ARM.Collect$$libshutdown$$00000011)
    .ARM.Collect$$libshutdown$$00000012      0x08000166   Section        2  libshutdown2.o(.ARM.Collect$$libshutdown$$00000012)
    .ARM.Collect$$rtentry$$00000000          0x08000168   Section        0  __rtentry.o(.ARM.Collect$$rtentry$$00000000)
    .ARM.Collect$$rtentry$$00000002          0x08000168   Section        0  __rtentry2.o(.ARM.Collect$$rtentry$$00000002)
    .ARM.Collect$$rtentry$$00000004          0x08000168   Section        6  __rtentry4.o(.ARM.Collect$$rtentry$$00000004)
    .ARM.Collect$$rtentry$$00000009          0x0800016e   Section        0  __rtentry2.o(.ARM.Collect$$rtentry$$00000009)
    .ARM.Collect$$rtentry$$0000000A          0x0800016e   Section        4  __rtentry2.o(.ARM.Collect$$rtentry$$0000000A)
    .ARM.Collect$$rtentry$$0000000C          0x08000172   Section        0  __rtentry2.o(.ARM.Collect$$rtentry$$0000000C)
    .ARM.Collect$$rtentry$$0000000D          0x08000172   Section        8  __rtentry2.o(.ARM.Collect$$rtentry$$0000000D)
    .ARM.Collect$$rtexit$$00000000           0x0800017a   Section        2  rtexit.o(.ARM.Collect$$rtexit$$00000000)
    .ARM.Collect$$rtexit$$00000002           0x0800017c   Section        0  rtexit2.o(.ARM.Collect$$rtexit$$00000002)
    .ARM.Collect$$rtexit$$00000003           0x0800017c   Section        4  rtexit2.o(.ARM.Collect$$rtexit$$00000003)
    .ARM.Collect$$rtexit$$00000004           0x08000180   Section        6  rtexit2.o(.ARM.Collect$$rtexit$$00000004)
    .text                                    0x08000188   Section       64  startup_stm32f103xb.o(.text)
    .text                                    0x080001c8   Section      138  rt_memcpy_v6.o(.text)
    .text                                    0x08000252   Section       78  rt_memclr_w.o(.text)
    .text                                    0x080002a0   Section        0  heapauxi.o(.text)
    .text                                    0x080002a6   Section      100  rt_memcpy_w.o(.text)
    .text                                    0x0800030a   Section       74  sys_stackheap_outer.o(.text)
    .text                                    0x08000354   Section        0  exit.o(.text)
    .text                                    0x08000368   Section        8  libspace.o(.text)
    .text                                    0x08000370   Section        0  sys_exit.o(.text)
    .text                                    0x0800037c   Section        2  use_no_semi.o(.text)
    .text                                    0x0800037e   Section        0  indicate_semi.o(.text)
    i.BusFault_Handler                       0x0800037e   Section        0  stm32f1xx_it.o(i.BusFault_Handler)
    i.CAN1_RX1_IRQHandler                    0x08000380   Section        0  stm32f1xx_it.o(i.CAN1_RX1_IRQHandler)
    i.CanConfigAndStart                      0x0800038c   Section        0  can.o(i.CanConfigAndStart)
    i.CanFunction                            0x080003d0   Section        0  can.o(i.CanFunction)
    i.CanSendMessageToRcu                    0x08000418   Section        0  can.o(i.CanSendMessageToRcu)
    i.CanTransmit                            0x0800043c   Section        0  can.o(i.CanTransmit)
    i.ClearEncoderAndAngle                   0x08000470   Section        0  motor.o(i.ClearEncoderAndAngle)
    i.ClearOverCurrentStatus                 0x08000490   Section        0  overcurrentprotection.o(i.ClearOverCurrentStatus)
    i.DebugMon_Handler                       0x080004a0   Section        0  stm32f1xx_it.o(i.DebugMon_Handler)
    i.Detector                               0x080004a4   Section        0  detector.o(i.Detector)
    i.DoorClose                              0x0800052c   Section        0  door_control.o(i.DoorClose)
    i.DoorClosedDetected                     0x0800056c   Section        0  detector.o(i.DoorClosedDetected)
    i.DoorControlFunction                    0x08000578   Section        0  door_control.o(i.DoorControlFunction)
    i.DoorOpen                               0x080006d8   Section        0  door_control.o(i.DoorOpen)
    i.DoorReset                              0x08000714   Section        0  door_control.o(i.DoorReset)
    i.EncoderCounterOverflow                 0x08000730   Section        0  motor.o(i.EncoderCounterOverflow)
    i.GetMotorPosition                       0x0800076c   Section        0  motor.o(i.GetMotorPosition)
    i.GetOverCurrentStatus                   0x08000778   Section        0  overcurrentprotection.o(i.GetOverCurrentStatus)
    i.HAL_CAN_ActivateNotification           0x0800078c   Section        0  stm32f1xx_hal_can.o(i.HAL_CAN_ActivateNotification)
    i.HAL_CAN_AddTxMessage                   0x080007b0   Section        0  stm32f1xx_hal_can.o(i.HAL_CAN_AddTxMessage)
    i.HAL_CAN_ConfigFilter                   0x0800088c   Section        0  stm32f1xx_hal_can.o(i.HAL_CAN_ConfigFilter)
    i.HAL_CAN_ErrorCallback                  0x0800097a   Section        0  stm32f1xx_hal_can.o(i.HAL_CAN_ErrorCallback)
    i.HAL_CAN_GetRxMessage                   0x0800097c   Section        0  stm32f1xx_hal_can.o(i.HAL_CAN_GetRxMessage)
    i.HAL_CAN_IRQHandler                     0x08000a64   Section        0  stm32f1xx_hal_can.o(i.HAL_CAN_IRQHandler)
    i.HAL_CAN_Init                           0x08000c60   Section        0  stm32f1xx_hal_can.o(i.HAL_CAN_Init)
    i.HAL_CAN_MspInit                        0x08000d7c   Section        0  stm32f1xx_hal_msp.o(i.HAL_CAN_MspInit)
    i.HAL_CAN_RxFifo0FullCallback            0x08000e10   Section        0  stm32f1xx_hal_can.o(i.HAL_CAN_RxFifo0FullCallback)
    i.HAL_CAN_RxFifo0MsgPendingCallback      0x08000e12   Section        0  stm32f1xx_hal_can.o(i.HAL_CAN_RxFifo0MsgPendingCallback)
    i.HAL_CAN_RxFifo1FullCallback            0x08000e14   Section        0  stm32f1xx_hal_can.o(i.HAL_CAN_RxFifo1FullCallback)
    i.HAL_CAN_RxFifo1MsgPendingCallback      0x08000e18   Section        0  can.o(i.HAL_CAN_RxFifo1MsgPendingCallback)
    i.HAL_CAN_SleepCallback                  0x08000e4c   Section        0  stm32f1xx_hal_can.o(i.HAL_CAN_SleepCallback)
    i.HAL_CAN_Start                          0x08000e50   Section        0  stm32f1xx_hal_can.o(i.HAL_CAN_Start)
    i.HAL_CAN_TxMailbox0AbortCallback        0x08000ea8   Section        0  stm32f1xx_hal_can.o(i.HAL_CAN_TxMailbox0AbortCallback)
    i.HAL_CAN_TxMailbox0CompleteCallback     0x08000eaa   Section        0  stm32f1xx_hal_can.o(i.HAL_CAN_TxMailbox0CompleteCallback)
    i.HAL_CAN_TxMailbox1AbortCallback        0x08000eac   Section        0  stm32f1xx_hal_can.o(i.HAL_CAN_TxMailbox1AbortCallback)
    i.HAL_CAN_TxMailbox1CompleteCallback     0x08000eae   Section        0  stm32f1xx_hal_can.o(i.HAL_CAN_TxMailbox1CompleteCallback)
    i.HAL_CAN_TxMailbox2AbortCallback        0x08000eb0   Section        0  stm32f1xx_hal_can.o(i.HAL_CAN_TxMailbox2AbortCallback)
    i.HAL_CAN_TxMailbox2CompleteCallback     0x08000eb2   Section        0  stm32f1xx_hal_can.o(i.HAL_CAN_TxMailbox2CompleteCallback)
    i.HAL_CAN_WakeUpFromRxMsgCallback        0x08000eb4   Section        0  stm32f1xx_hal_can.o(i.HAL_CAN_WakeUpFromRxMsgCallback)
    i.HAL_Delay                              0x08000eb8   Section        0  stm32f1xx_hal.o(i.HAL_Delay)
    i.HAL_GPIO_Init                          0x08000edc   Section        0  stm32f1xx_hal_gpio.o(i.HAL_GPIO_Init)
    i.HAL_GPIO_ReadPin                       0x080010bc   Section        0  stm32f1xx_hal_gpio.o(i.HAL_GPIO_ReadPin)
    i.HAL_GPIO_WritePin                      0x080010c6   Section        0  stm32f1xx_hal_gpio.o(i.HAL_GPIO_WritePin)
    i.HAL_GetTick                            0x080010d0   Section        0  stm32f1xx_hal.o(i.HAL_GetTick)
    i.HAL_IWDG_Init                          0x080010dc   Section        0  stm32f1xx_hal_iwdg.o(i.HAL_IWDG_Init)
    i.HAL_IWDG_Refresh                       0x08001136   Section        0  stm32f1xx_hal_iwdg.o(i.HAL_IWDG_Refresh)
    i.HAL_IncTick                            0x08001144   Section        0  stm32f1xx_hal.o(i.HAL_IncTick)
    i.HAL_Init                               0x08001154   Section        0  stm32f1xx_hal.o(i.HAL_Init)
    i.HAL_InitTick                           0x08001178   Section        0  stm32f1xx_hal.o(i.HAL_InitTick)
    i.HAL_MspInit                            0x080011b8   Section        0  stm32f1xx_hal_msp.o(i.HAL_MspInit)
    i.HAL_NVIC_EnableIRQ                     0x080011f4   Section        0  stm32f1xx_hal_cortex.o(i.HAL_NVIC_EnableIRQ)
    i.HAL_NVIC_SetPriority                   0x08001210   Section        0  stm32f1xx_hal_cortex.o(i.HAL_NVIC_SetPriority)
    i.HAL_NVIC_SetPriorityGrouping           0x08001250   Section        0  stm32f1xx_hal_cortex.o(i.HAL_NVIC_SetPriorityGrouping)
    i.HAL_RCC_ClockConfig                    0x08001274   Section        0  stm32f1xx_hal_rcc.o(i.HAL_RCC_ClockConfig)
    i.HAL_RCC_GetSysClockFreq                0x080013a0   Section        0  stm32f1xx_hal_rcc.o(i.HAL_RCC_GetSysClockFreq)
    i.HAL_RCC_OscConfig                      0x0800140c   Section        0  stm32f1xx_hal_rcc.o(i.HAL_RCC_OscConfig)
    i.HAL_SYSTICK_Config                     0x0800172c   Section        0  stm32f1xx_hal_cortex.o(i.HAL_SYSTICK_Config)
    i.HAL_TIMEx_BreakCallback                0x08001754   Section        0  stm32f1xx_hal_tim_ex.o(i.HAL_TIMEx_BreakCallback)
    i.HAL_TIMEx_CommutCallback               0x08001756   Section        0  stm32f1xx_hal_tim_ex.o(i.HAL_TIMEx_CommutCallback)
    i.HAL_TIMEx_ConfigBreakDeadTime          0x08001758   Section        0  stm32f1xx_hal_tim_ex.o(i.HAL_TIMEx_ConfigBreakDeadTime)
    i.HAL_TIMEx_MasterConfigSynchronization  0x080017ac   Section        0  stm32f1xx_hal_tim_ex.o(i.HAL_TIMEx_MasterConfigSynchronization)
    i.HAL_TIM_Base_Init                      0x08001814   Section        0  stm32f1xx_hal_tim.o(i.HAL_TIM_Base_Init)
    i.HAL_TIM_Base_MspInit                   0x08001870   Section        0  stm32f1xx_hal_msp.o(i.HAL_TIM_Base_MspInit)
    i.HAL_TIM_Base_Start_IT                  0x080018ac   Section        0  stm32f1xx_hal_tim.o(i.HAL_TIM_Base_Start_IT)
    i.HAL_TIM_ConfigClockSource              0x08001904   Section        0  stm32f1xx_hal_tim.o(i.HAL_TIM_ConfigClockSource)
    i.HAL_TIM_Encoder_Init                   0x080019da   Section        0  stm32f1xx_hal_tim.o(i.HAL_TIM_Encoder_Init)
    i.HAL_TIM_Encoder_MspInit                0x08001a80   Section        0  stm32f1xx_hal_msp.o(i.HAL_TIM_Encoder_MspInit)
    i.HAL_TIM_IC_CaptureCallback             0x08001b24   Section        0  stm32f1xx_hal_tim.o(i.HAL_TIM_IC_CaptureCallback)
    i.HAL_TIM_IRQHandler                     0x08001b26   Section        0  stm32f1xx_hal_tim.o(i.HAL_TIM_IRQHandler)
    i.HAL_TIM_MspPostInit                    0x08001c8c   Section        0  stm32f1xx_hal_msp.o(i.HAL_TIM_MspPostInit)
    i.HAL_TIM_OC_DelayElapsedCallback        0x08001cf0   Section        0  stm32f1xx_hal_tim.o(i.HAL_TIM_OC_DelayElapsedCallback)
    i.HAL_TIM_PWM_ConfigChannel              0x08001cf2   Section        0  stm32f1xx_hal_tim.o(i.HAL_TIM_PWM_ConfigChannel)
    i.HAL_TIM_PWM_Init                       0x08001db8   Section        0  stm32f1xx_hal_tim.o(i.HAL_TIM_PWM_Init)
    i.HAL_TIM_PWM_MspInit                    0x08001e14   Section        0  stm32f1xx_hal_msp.o(i.HAL_TIM_PWM_MspInit)
    i.HAL_TIM_PWM_PulseFinishedCallback      0x08001e3c   Section        0  stm32f1xx_hal_tim.o(i.HAL_TIM_PWM_PulseFinishedCallback)
    i.HAL_TIM_PWM_Start                      0x08001e40   Section        0  stm32f1xx_hal_tim.o(i.HAL_TIM_PWM_Start)
    i.HAL_TIM_PeriodElapsedCallback          0x08001edc   Section        0  timer.o(i.HAL_TIM_PeriodElapsedCallback)
    i.HAL_TIM_TriggerCallback                0x08001f24   Section        0  stm32f1xx_hal_tim.o(i.HAL_TIM_TriggerCallback)
    i.HardFault_Handler                      0x08001f26   Section        0  stm32f1xx_it.o(i.HardFault_Handler)
    i.InformDoorControl                      0x08001f28   Section        0  door_control.o(i.InformDoorControl)
    i.InitCan                                0x08001f48   Section        0  can.o(i.InitCan)
    i.InitDetector                           0x08001f4c   Section        0  detector.o(i.InitDetector)
    i.InitDoorControl                        0x08001f7c   Section        0  door_control.o(i.InitDoorControl)
    i.MX_CAN_Init                            0x08001fa0   Section        0  main.o(i.MX_CAN_Init)
    MX_CAN_Init                              0x08001fa1   Thumb Code    52  main.o(i.MX_CAN_Init)
    i.MX_GPIO_Init                           0x08001fdc   Section        0  main.o(i.MX_GPIO_Init)
    MX_GPIO_Init                             0x08001fdd   Thumb Code   120  main.o(i.MX_GPIO_Init)
    i.MX_TIM1_Init                           0x0800205c   Section        0  main.o(i.MX_TIM1_Init)
    MX_TIM1_Init                             0x0800205d   Thumb Code   186  main.o(i.MX_TIM1_Init)
    i.MX_TIM2_Init                           0x08002120   Section        0  main.o(i.MX_TIM2_Init)
    MX_TIM2_Init                             0x08002121   Thumb Code   100  main.o(i.MX_TIM2_Init)
    i.MX_TIM3_Init                           0x08002188   Section        0  main.o(i.MX_TIM3_Init)
    MX_TIM3_Init                             0x08002189   Thumb Code    98  main.o(i.MX_TIM3_Init)
    i.MX_TIM4_Init                           0x080021f4   Section        0  main.o(i.MX_TIM4_Init)
    MX_TIM4_Init                             0x080021f5   Thumb Code    88  main.o(i.MX_TIM4_Init)
    i.MemManage_Handler                      0x08002254   Section        0  stm32f1xx_it.o(i.MemManage_Handler)
    i.MotorInit                              0x08002258   Section        0  motor.o(i.MotorInit)
    i.NMI_Handler                            0x080022e4   Section        0  stm32f1xx_it.o(i.NMI_Handler)
    i.PIDCalc                                0x080022e8   Section        0  pid.o(i.PIDCalc)
    i.PIDInit                                0x08002384   Section        0  pid.o(i.PIDInit)
    i.PID_Control                            0x080023a4   Section        0  motor.o(i.PID_Control)
    i.PendSV_Handler                         0x08002410   Section        0  stm32f1xx_it.o(i.PendSV_Handler)
    i.ReadPinState                           0x08002414   Section        0  io.o(i.ReadPinState)
    i.SVC_Handler                            0x08002430   Section        0  stm32f1xx_it.o(i.SVC_Handler)
    i.SetAngularSpeed                        0x08002434   Section        0  motor.o(i.SetAngularSpeed)
    i.SetAngularSpeedToZero                  0x0800245c   Section        0  motor.o(i.SetAngularSpeedToZero)
    i.SetPIDObject                           0x08002494   Section        0  pid.o(i.SetPIDObject)
    i.SetPWM                                 0x080024a8   Section        0  motor.o(i.SetPWM)
    SetPWM                                   0x080024a9   Thumb Code   110  motor.o(i.SetPWM)
    i.SysTick_Handler                        0x0800252c   Section        0  stm32f1xx_it.o(i.SysTick_Handler)
    i.SystemClock_Config                     0x08002530   Section        0  main.o(i.SystemClock_Config)
    i.SystemInit                             0x08002590   Section        0  system_stm32f1xx.o(i.SystemInit)
    i.TIM2_IRQHandler                        0x080025d8   Section        0  stm32f1xx_it.o(i.TIM2_IRQHandler)
    i.TIM3_IRQHandler                        0x080025e4   Section        0  stm32f1xx_it.o(i.TIM3_IRQHandler)
    i.TIM4_IRQHandler                        0x080025f0   Section        0  stm32f1xx_it.o(i.TIM4_IRQHandler)
    i.TIM_Base_SetConfig                     0x080025fc   Section        0  stm32f1xx_hal_tim.o(i.TIM_Base_SetConfig)
    i.TIM_CCxChannelCmd                      0x08002668   Section        0  stm32f1xx_hal_tim.o(i.TIM_CCxChannelCmd)
    i.TIM_ETR_SetConfig                      0x08002682   Section        0  stm32f1xx_hal_tim.o(i.TIM_ETR_SetConfig)
    i.TIM_ITRx_SetConfig                     0x08002696   Section        0  stm32f1xx_hal_tim.o(i.TIM_ITRx_SetConfig)
    TIM_ITRx_SetConfig                       0x08002697   Thumb Code    16  stm32f1xx_hal_tim.o(i.TIM_ITRx_SetConfig)
    i.TIM_OC1_SetConfig                      0x080026a8   Section        0  stm32f1xx_hal_tim.o(i.TIM_OC1_SetConfig)
    TIM_OC1_SetConfig                        0x080026a9   Thumb Code    74  stm32f1xx_hal_tim.o(i.TIM_OC1_SetConfig)
    i.TIM_OC2_SetConfig                      0x080026f8   Section        0  stm32f1xx_hal_tim.o(i.TIM_OC2_SetConfig)
    i.TIM_OC3_SetConfig                      0x08002750   Section        0  stm32f1xx_hal_tim.o(i.TIM_OC3_SetConfig)
    TIM_OC3_SetConfig                        0x08002751   Thumb Code    82  stm32f1xx_hal_tim.o(i.TIM_OC3_SetConfig)
    i.TIM_OC4_SetConfig                      0x080027a8   Section        0  stm32f1xx_hal_tim.o(i.TIM_OC4_SetConfig)
    TIM_OC4_SetConfig                        0x080027a9   Thumb Code    64  stm32f1xx_hal_tim.o(i.TIM_OC4_SetConfig)
    i.TIM_TI1_ConfigInputStage               0x080027ec   Section        0  stm32f1xx_hal_tim.o(i.TIM_TI1_ConfigInputStage)
    TIM_TI1_ConfigInputStage                 0x080027ed   Thumb Code    34  stm32f1xx_hal_tim.o(i.TIM_TI1_ConfigInputStage)
    i.TIM_TI2_ConfigInputStage               0x0800280e   Section        0  stm32f1xx_hal_tim.o(i.TIM_TI2_ConfigInputStage)
    TIM_TI2_ConfigInputStage                 0x0800280f   Thumb Code    36  stm32f1xx_hal_tim.o(i.TIM_TI2_ConfigInputStage)
    i.UpdateEncoderCount                     0x08002834   Section        0  motor.o(i.UpdateEncoderCount)
    i.UpdateOverCurrentProtection            0x08002908   Section        0  overcurrentprotection.o(i.UpdateOverCurrentProtection)
    i.UsageFault_Handler                     0x08002954   Section        0  stm32f1xx_it.o(i.UsageFault_Handler)
    i.__NVIC_SetPriority                     0x08002956   Section        0  stm32f1xx_hal_cortex.o(i.__NVIC_SetPriority)
    __NVIC_SetPriority                       0x08002957   Thumb Code    32  stm32f1xx_hal_cortex.o(i.__NVIC_SetPriority)
    i.main                                   0x08002978   Section        0  main.o(i.main)
    x$fpl$d2f                                0x08002a0c   Section       98  d2f.o(x$fpl$d2f)
    x$fpl$dadd                               0x08002a70   Section      336  daddsub_clz.o(x$fpl$dadd)
    _dadd1                                   0x08002a81   Thumb Code     0  daddsub_clz.o(x$fpl$dadd)
    x$fpl$ddiv                               0x08002bc0   Section      688  ddiv.o(x$fpl$ddiv)
    ddiv_entry                               0x08002bc7   Thumb Code     0  ddiv.o(x$fpl$ddiv)
    x$fpl$dmul                               0x08002e70   Section      340  dmul.o(x$fpl$dmul)
    x$fpl$dnaninf                            0x08002fc4   Section      156  dnaninf.o(x$fpl$dnaninf)
    x$fpl$dretinf                            0x08003060   Section       12  dretinf.o(x$fpl$dretinf)
    x$fpl$dsub                               0x0800306c   Section      468  daddsub_clz.o(x$fpl$dsub)
    _dsub1                                   0x0800307d   Thumb Code     0  daddsub_clz.o(x$fpl$dsub)
    x$fpl$f2d                                0x08003240   Section       86  f2d.o(x$fpl$f2d)
    x$fpl$fadd                               0x08003298   Section      196  faddsub_clz.o(x$fpl$fadd)
    _fadd1                                   0x080032a7   Thumb Code     0  faddsub_clz.o(x$fpl$fadd)
    x$fpl$ffixu                              0x0800335c   Section       62  ffixu.o(x$fpl$ffixu)
    x$fpl$fflt                               0x0800339c   Section       48  fflt_clz.o(x$fpl$fflt)
    x$fpl$fmul                               0x080033cc   Section      258  fmul.o(x$fpl$fmul)
    x$fpl$fnaninf                            0x080034ce   Section      140  fnaninf.o(x$fpl$fnaninf)
    x$fpl$fretinf                            0x0800355a   Section       10  fretinf.o(x$fpl$fretinf)
    x$fpl$fsub                               0x08003564   Section      234  faddsub_clz.o(x$fpl$fsub)
    _fsub1                                   0x08003573   Thumb Code     0  faddsub_clz.o(x$fpl$fsub)
    x$fpl$usenofp                            0x0800364e   Section        0  usenofp.o(x$fpl$usenofp)
    .constdata                               0x08003650   Section        8  door_control.o(.constdata)
    .constdata                               0x08003658   Section       48  io.o(.constdata)
    InputPins                                0x08003658   Data          32  io.o(.constdata)
    OutPins                                  0x08003678   Data          16  io.o(.constdata)
    .constdata                               0x08003688   Section       16  system_stm32f1xx.o(.constdata)
    .data                                    0x20000000   Section       48  motor.o(.data)
    angularSpeed                             0x20000000   Data           8  motor.o(.data)
    encoderCount                             0x20000008   Data           8  motor.o(.data)
    lastCount                                0x20000010   Data           8  motor.o(.data)
    outputPwm                                0x20000018   Data           8  motor.o(.data)
    prevAngle                                0x20000020   Data           8  motor.o(.data)
    currentAngle                             0x20000028   Data           8  motor.o(.data)
    .data                                    0x20000030   Section        8  pid.o(.data)
    dError                                   0x20000030   Data           4  pid.o(.data)
    error                                    0x20000034   Data           4  pid.o(.data)
    .data                                    0x20000038   Section       16  can.o(.data)
    sendLen                                  0x20000038   Data           2  can.o(.data)
    cargoDoorControl                         0x2000003a   Data           2  can.o(.data)
    CanEventFlags                            0x2000003c   Data           4  can.o(.data)
    sendBuffer                               0x20000040   Data           8  can.o(.data)
    .data                                    0x20000048   Section       24  door_control.o(.data)
    lastTick                                 0x20000048   Data           4  door_control.o(.data)
    HalfClosedDelay                          0x2000004c   Data           4  door_control.o(.data)
    doorState                                0x20000050   Data           8  door_control.o(.data)
    goalAngle                                0x20000058   Data           8  door_control.o(.data)
    .data                                    0x20000060   Section       14  detector.o(.data)
    doorClosed                               0x20000060   Data           2  detector.o(.data)
    sensorDetected                           0x20000062   Data           4  detector.o(.data)
    SensorClosedAntiJitterCount              0x20000066   Data           4  detector.o(.data)
    SensorOpenAntiJitterCount                0x2000006a   Data           4  detector.o(.data)
    .data                                    0x20000070   Section       12  overcurrentprotection.o(.data)
    overCurrent                              0x20000070   Data           2  overcurrentprotection.o(.data)
    averageCurrent                           0x20000074   Data           8  overcurrentprotection.o(.data)
    .data                                    0x2000007c   Section        4  system_stm32f1xx.o(.data)
    .data                                    0x20000080   Section       12  stm32f1xx_hal.o(.data)
    .bss                                     0x20000090   Section      112  motor.o(.bss)
    motorPID                                 0x20000090   Data         112  motor.o(.bss)
    .bss                                     0x20000100   Section       36  can.o(.bss)
    receivedCanMessage                       0x20000100   Data          36  can.o(.bss)
    .bss                                     0x20000124   Section      340  main.o(.bss)
    .bss                                     0x20000278   Section       96  libspace.o(.bss)
    HEAP                                     0x200002d8   Section      512  startup_stm32f103xb.o(HEAP)
    Heap_Mem                                 0x200002d8   Data         512  startup_stm32f103xb.o(HEAP)
    STACK                                    0x200004d8   Section     1024  startup_stm32f103xb.o(STACK)
    Stack_Mem                                0x200004d8   Data        1024  startup_stm32f103xb.o(STACK)
    __initial_sp                             0x200008d8   Data           0  startup_stm32f103xb.o(STACK)

    Global Symbols

    Symbol Name                              Value     Ov Type        Size  Object(Section)

    BuildAttributes$$THM_ISAv4$P$D$K$B$S$PE$A:L22UL41UL21$X:L11$S22US41US21$IEEE1$IW$USESV6$~STKCKD$USESV7$~SHL$OTIME$ROPI$EBA8$UX$STANDARDLIB$REQ8$PRES8$EABIv2 0x00000000   Number         0  anon$$obj.o ABSOLUTE
    __ARM_use_no_argv                        0x00000000   Number         0  main.o ABSOLUTE
    __ARM_exceptions_init                     - Undefined Weak Reference
    __alloca_initialize                       - Undefined Weak Reference
    __arm_fini_                               - Undefined Weak Reference
    __arm_preinit_                            - Undefined Weak Reference
    __cpp_initialize__aeabi_                  - Undefined Weak Reference
    __cxa_finalize                            - Undefined Weak Reference
    __rt_locale                               - Undefined Weak Reference
    __sigvec_lookup                           - Undefined Weak Reference
    _atexit_init                              - Undefined Weak Reference
    _call_atexit_fns                          - Undefined Weak Reference
    _clock_init                               - Undefined Weak Reference
    _fp_trap_init                             - Undefined Weak Reference
    _fp_trap_shutdown                         - Undefined Weak Reference
    _get_lc_collate                           - Undefined Weak Reference
    _get_lc_ctype                             - Undefined Weak Reference
    _get_lc_monetary                          - Undefined Weak Reference
    _get_lc_numeric                           - Undefined Weak Reference
    _get_lc_time                              - Undefined Weak Reference
    _getenv_init                              - Undefined Weak Reference
    _handle_redirection                       - Undefined Weak Reference
    _init_alloc                               - Undefined Weak Reference
    _init_user_alloc                          - Undefined Weak Reference
    _initio                                   - Undefined Weak Reference
    _rand_init                                - Undefined Weak Reference
    _signal_finish                            - Undefined Weak Reference
    _signal_init                              - Undefined Weak Reference
    _terminate_alloc                          - Undefined Weak Reference
    _terminate_user_alloc                     - Undefined Weak Reference
    _terminateio                              - Undefined Weak Reference
    __Vectors_Size                           0x000000ec   Number         0  startup_stm32f103xb.o ABSOLUTE
    __Vectors                                0x08000000   Data           4  startup_stm32f103xb.o(RESET)
    __Vectors_End                            0x080000ec   Data           0  startup_stm32f103xb.o(RESET)
    __main                                   0x080000ed   Thumb Code     8  __main.o(!!!main)
    __scatterload                            0x080000f5   Thumb Code     0  __scatter.o(!!!scatter)
    __scatterload_rt2                        0x080000f5   Thumb Code    44  __scatter.o(!!!scatter)
    __scatterload_rt2_thumb_only             0x080000f5   Thumb Code     0  __scatter.o(!!!scatter)
    __scatterload_null                       0x08000103   Thumb Code     0  __scatter.o(!!!scatter)
    __scatterload_copy                       0x08000129   Thumb Code    26  __scatter_copy.o(!!handler_copy)
    __scatterload_zeroinit                   0x08000145   Thumb Code    28  __scatter_zi.o(!!handler_zi)
    __rt_lib_init                            0x08000161   Thumb Code     0  libinit.o(.ARM.Collect$$libinit$$00000000)
    __rt_lib_init_alloca_1                   0x08000163   Thumb Code     0  libinit2.o(.ARM.Collect$$libinit$$0000002E)
    __rt_lib_init_argv_1                     0x08000163   Thumb Code     0  libinit2.o(.ARM.Collect$$libinit$$0000002C)
    __rt_lib_init_atexit_1                   0x08000163   Thumb Code     0  libinit2.o(.ARM.Collect$$libinit$$0000001B)
    __rt_lib_init_clock_1                    0x08000163   Thumb Code     0  libinit2.o(.ARM.Collect$$libinit$$00000021)
    __rt_lib_init_cpp_1                      0x08000163   Thumb Code     0  libinit2.o(.ARM.Collect$$libinit$$00000032)
    __rt_lib_init_exceptions_1               0x08000163   Thumb Code     0  libinit2.o(.ARM.Collect$$libinit$$00000030)
    __rt_lib_init_fp_1                       0x08000163   Thumb Code     0  libinit2.o(.ARM.Collect$$libinit$$00000002)
    __rt_lib_init_fp_trap_1                  0x08000163   Thumb Code     0  libinit2.o(.ARM.Collect$$libinit$$0000001F)
    __rt_lib_init_getenv_1                   0x08000163   Thumb Code     0  libinit2.o(.ARM.Collect$$libinit$$00000023)
    __rt_lib_init_heap_1                     0x08000163   Thumb Code     0  libinit2.o(.ARM.Collect$$libinit$$0000000A)
    __rt_lib_init_lc_collate_1               0x08000163   Thumb Code     0  libinit2.o(.ARM.Collect$$libinit$$00000011)
    __rt_lib_init_lc_ctype_1                 0x08000163   Thumb Code     0  libinit2.o(.ARM.Collect$$libinit$$00000013)
    __rt_lib_init_lc_monetary_1              0x08000163   Thumb Code     0  libinit2.o(.ARM.Collect$$libinit$$00000015)
    __rt_lib_init_lc_numeric_1               0x08000163   Thumb Code     0  libinit2.o(.ARM.Collect$$libinit$$00000017)
    __rt_lib_init_lc_time_1                  0x08000163   Thumb Code     0  libinit2.o(.ARM.Collect$$libinit$$00000019)
    __rt_lib_init_preinit_1                  0x08000163   Thumb Code     0  libinit2.o(.ARM.Collect$$libinit$$00000004)
    __rt_lib_init_rand_1                     0x08000163   Thumb Code     0  libinit2.o(.ARM.Collect$$libinit$$0000000E)
    __rt_lib_init_return                     0x08000163   Thumb Code     0  libinit2.o(.ARM.Collect$$libinit$$00000033)
    __rt_lib_init_signal_1                   0x08000163   Thumb Code     0  libinit2.o(.ARM.Collect$$libinit$$0000001D)
    __rt_lib_init_stdio_1                    0x08000163   Thumb Code     0  libinit2.o(.ARM.Collect$$libinit$$00000025)
    __rt_lib_init_user_alloc_1               0x08000163   Thumb Code     0  libinit2.o(.ARM.Collect$$libinit$$0000000C)
    __rt_lib_shutdown                        0x08000165   Thumb Code     0  libshutdown.o(.ARM.Collect$$libshutdown$$00000000)
    __rt_lib_shutdown_cpp_1                  0x08000167   Thumb Code     0  libshutdown2.o(.ARM.Collect$$libshutdown$$00000004)
    __rt_lib_shutdown_fini_1                 0x08000167   Thumb Code     0  libshutdown2.o(.ARM.Collect$$libshutdown$$00000002)
    __rt_lib_shutdown_fp_trap_1              0x08000167   Thumb Code     0  libshutdown2.o(.ARM.Collect$$libshutdown$$00000009)
    __rt_lib_shutdown_heap_1                 0x08000167   Thumb Code     0  libshutdown2.o(.ARM.Collect$$libshutdown$$00000011)
    __rt_lib_shutdown_return                 0x08000167   Thumb Code     0  libshutdown2.o(.ARM.Collect$$libshutdown$$00000012)
    __rt_lib_shutdown_signal_1               0x08000167   Thumb Code     0  libshutdown2.o(.ARM.Collect$$libshutdown$$0000000C)
    __rt_lib_shutdown_stdio_1                0x08000167   Thumb Code     0  libshutdown2.o(.ARM.Collect$$libshutdown$$00000006)
    __rt_lib_shutdown_user_alloc_1           0x08000167   Thumb Code     0  libshutdown2.o(.ARM.Collect$$libshutdown$$0000000E)
    __rt_entry                               0x08000169   Thumb Code     0  __rtentry.o(.ARM.Collect$$rtentry$$00000000)
    __rt_entry_presh_1                       0x08000169   Thumb Code     0  __rtentry2.o(.ARM.Collect$$rtentry$$00000002)
    __rt_entry_sh                            0x08000169   Thumb Code     0  __rtentry4.o(.ARM.Collect$$rtentry$$00000004)
    __rt_entry_li                            0x0800016f   Thumb Code     0  __rtentry2.o(.ARM.Collect$$rtentry$$0000000A)
    __rt_entry_postsh_1                      0x0800016f   Thumb Code     0  __rtentry2.o(.ARM.Collect$$rtentry$$00000009)
    __rt_entry_main                          0x08000173   Thumb Code     0  __rtentry2.o(.ARM.Collect$$rtentry$$0000000D)
    __rt_entry_postli_1                      0x08000173   Thumb Code     0  __rtentry2.o(.ARM.Collect$$rtentry$$0000000C)
    __rt_exit                                0x0800017b   Thumb Code     0  rtexit.o(.ARM.Collect$$rtexit$$00000000)
    __rt_exit_ls                             0x0800017d   Thumb Code     0  rtexit2.o(.ARM.Collect$$rtexit$$00000003)
    __rt_exit_prels_1                        0x0800017d   Thumb Code     0  rtexit2.o(.ARM.Collect$$rtexit$$00000002)
    __rt_exit_exit                           0x08000181   Thumb Code     0  rtexit2.o(.ARM.Collect$$rtexit$$00000004)
    Reset_Handler                            0x08000189   Thumb Code     8  startup_stm32f103xb.o(.text)
    ADC1_2_IRQHandler                        0x080001a3   Thumb Code     0  startup_stm32f103xb.o(.text)
    CAN1_SCE_IRQHandler                      0x080001a3   Thumb Code     0  startup_stm32f103xb.o(.text)
    DMA1_Channel1_IRQHandler                 0x080001a3   Thumb Code     0  startup_stm32f103xb.o(.text)
    DMA1_Channel2_IRQHandler                 0x080001a3   Thumb Code     0  startup_stm32f103xb.o(.text)
    DMA1_Channel3_IRQHandler                 0x080001a3   Thumb Code     0  startup_stm32f103xb.o(.text)
    DMA1_Channel4_IRQHandler                 0x080001a3   Thumb Code     0  startup_stm32f103xb.o(.text)
    DMA1_Channel5_IRQHandler                 0x080001a3   Thumb Code     0  startup_stm32f103xb.o(.text)
    DMA1_Channel6_IRQHandler                 0x080001a3   Thumb Code     0  startup_stm32f103xb.o(.text)
    DMA1_Channel7_IRQHandler                 0x080001a3   Thumb Code     0  startup_stm32f103xb.o(.text)
    EXTI0_IRQHandler                         0x080001a3   Thumb Code     0  startup_stm32f103xb.o(.text)
    EXTI15_10_IRQHandler                     0x080001a3   Thumb Code     0  startup_stm32f103xb.o(.text)
    EXTI1_IRQHandler                         0x080001a3   Thumb Code     0  startup_stm32f103xb.o(.text)
    EXTI2_IRQHandler                         0x080001a3   Thumb Code     0  startup_stm32f103xb.o(.text)
    EXTI3_IRQHandler                         0x080001a3   Thumb Code     0  startup_stm32f103xb.o(.text)
    EXTI4_IRQHandler                         0x080001a3   Thumb Code     0  startup_stm32f103xb.o(.text)
    EXTI9_5_IRQHandler                       0x080001a3   Thumb Code     0  startup_stm32f103xb.o(.text)
    FLASH_IRQHandler                         0x080001a3   Thumb Code     0  startup_stm32f103xb.o(.text)
    I2C1_ER_IRQHandler                       0x080001a3   Thumb Code     0  startup_stm32f103xb.o(.text)
    I2C1_EV_IRQHandler                       0x080001a3   Thumb Code     0  startup_stm32f103xb.o(.text)
    I2C2_ER_IRQHandler                       0x080001a3   Thumb Code     0  startup_stm32f103xb.o(.text)
    I2C2_EV_IRQHandler                       0x080001a3   Thumb Code     0  startup_stm32f103xb.o(.text)
    PVD_IRQHandler                           0x080001a3   Thumb Code     0  startup_stm32f103xb.o(.text)
    RCC_IRQHandler                           0x080001a3   Thumb Code     0  startup_stm32f103xb.o(.text)
    RTC_Alarm_IRQHandler                     0x080001a3   Thumb Code     0  startup_stm32f103xb.o(.text)
    RTC_IRQHandler                           0x080001a3   Thumb Code     0  startup_stm32f103xb.o(.text)
    SPI1_IRQHandler                          0x080001a3   Thumb Code     0  startup_stm32f103xb.o(.text)
    SPI2_IRQHandler                          0x080001a3   Thumb Code     0  startup_stm32f103xb.o(.text)
    TAMPER_IRQHandler                        0x080001a3   Thumb Code     0  startup_stm32f103xb.o(.text)
    TIM1_BRK_IRQHandler                      0x080001a3   Thumb Code     0  startup_stm32f103xb.o(.text)
    TIM1_CC_IRQHandler                       0x080001a3   Thumb Code     0  startup_stm32f103xb.o(.text)
    TIM1_TRG_COM_IRQHandler                  0x080001a3   Thumb Code     0  startup_stm32f103xb.o(.text)
    TIM1_UP_IRQHandler                       0x080001a3   Thumb Code     0  startup_stm32f103xb.o(.text)
    USART1_IRQHandler                        0x080001a3   Thumb Code     0  startup_stm32f103xb.o(.text)
    USART2_IRQHandler                        0x080001a3   Thumb Code     0  startup_stm32f103xb.o(.text)
    USART3_IRQHandler                        0x080001a3   Thumb Code     0  startup_stm32f103xb.o(.text)
    USBWakeUp_IRQHandler                     0x080001a3   Thumb Code     0  startup_stm32f103xb.o(.text)
    USB_HP_CAN1_TX_IRQHandler                0x080001a3   Thumb Code     0  startup_stm32f103xb.o(.text)
    USB_LP_CAN1_RX0_IRQHandler               0x080001a3   Thumb Code     0  startup_stm32f103xb.o(.text)
    WWDG_IRQHandler                          0x080001a3   Thumb Code     0  startup_stm32f103xb.o(.text)
    __user_initial_stackheap                 0x080001a5   Thumb Code     0  startup_stm32f103xb.o(.text)
    __aeabi_memcpy                           0x080001c9   Thumb Code     0  rt_memcpy_v6.o(.text)
    __rt_memcpy                              0x080001c9   Thumb Code   138  rt_memcpy_v6.o(.text)
    _memcpy_lastbytes                        0x0800022f   Thumb Code     0  rt_memcpy_v6.o(.text)
    __aeabi_memclr4                          0x08000253   Thumb Code     0  rt_memclr_w.o(.text)
    __aeabi_memclr8                          0x08000253   Thumb Code     0  rt_memclr_w.o(.text)
    __rt_memclr_w                            0x08000253   Thumb Code    78  rt_memclr_w.o(.text)
    _memset_w                                0x08000257   Thumb Code     0  rt_memclr_w.o(.text)
    __use_two_region_memory                  0x080002a1   Thumb Code     2  heapauxi.o(.text)
    __rt_heap_escrow$2region                 0x080002a3   Thumb Code     2  heapauxi.o(.text)
    __rt_heap_expand$2region                 0x080002a5   Thumb Code     2  heapauxi.o(.text)
    __aeabi_memcpy4                          0x080002a7   Thumb Code     0  rt_memcpy_w.o(.text)
    __aeabi_memcpy8                          0x080002a7   Thumb Code     0  rt_memcpy_w.o(.text)
    __rt_memcpy_w                            0x080002a7   Thumb Code   100  rt_memcpy_w.o(.text)
    _memcpy_lastbytes_aligned                0x080002ef   Thumb Code     0  rt_memcpy_w.o(.text)
    __user_setup_stackheap                   0x0800030b   Thumb Code    74  sys_stackheap_outer.o(.text)
    exit                                     0x08000355   Thumb Code    18  exit.o(.text)
    __user_libspace                          0x08000369   Thumb Code     8  libspace.o(.text)
    __user_perproc_libspace                  0x08000369   Thumb Code     0  libspace.o(.text)
    __user_perthread_libspace                0x08000369   Thumb Code     0  libspace.o(.text)
    _sys_exit                                0x08000371   Thumb Code     8  sys_exit.o(.text)
    __I$use$semihosting                      0x0800037d   Thumb Code     0  use_no_semi.o(.text)
    __use_no_semihosting_swi                 0x0800037d   Thumb Code     2  use_no_semi.o(.text)
    BusFault_Handler                         0x0800037f   Thumb Code     2  stm32f1xx_it.o(i.BusFault_Handler)
    __semihosting_library_function           0x0800037f   Thumb Code     0  indicate_semi.o(.text)
    CAN1_RX1_IRQHandler                      0x08000381   Thumb Code     6  stm32f1xx_it.o(i.CAN1_RX1_IRQHandler)
    CanConfigAndStart                        0x0800038d   Thumb Code    62  can.o(i.CanConfigAndStart)
    CanFunction                              0x080003d1   Thumb Code    64  can.o(i.CanFunction)
    CanSendMessageToRcu                      0x08000419   Thumb Code    30  can.o(i.CanSendMessageToRcu)
    CanTransmit                              0x0800043d   Thumb Code    48  can.o(i.CanTransmit)
    ClearEncoderAndAngle                     0x08000471   Thumb Code    28  motor.o(i.ClearEncoderAndAngle)
    ClearOverCurrentStatus                   0x08000491   Thumb Code    12  overcurrentprotection.o(i.ClearOverCurrentStatus)
    DebugMon_Handler                         0x080004a1   Thumb Code     2  stm32f1xx_it.o(i.DebugMon_Handler)
    Detector                                 0x080004a5   Thumb Code   132  detector.o(i.Detector)
    DoorClose                                0x0800052d   Thumb Code    52  door_control.o(i.DoorClose)
    DoorClosedDetected                       0x0800056d   Thumb Code     6  detector.o(i.DoorClosedDetected)
    DoorControlFunction                      0x08000579   Thumb Code   332  door_control.o(i.DoorControlFunction)
    DoorOpen                                 0x080006d9   Thumb Code    48  door_control.o(i.DoorOpen)
    DoorReset                                0x08000715   Thumb Code    22  door_control.o(i.DoorReset)
    EncoderCounterOverflow                   0x08000731   Thumb Code    46  motor.o(i.EncoderCounterOverflow)
    GetMotorPosition                         0x0800076d   Thumb Code     8  motor.o(i.GetMotorPosition)
    GetOverCurrentStatus                     0x08000779   Thumb Code    14  overcurrentprotection.o(i.GetOverCurrentStatus)
    HAL_CAN_ActivateNotification             0x0800078d   Thumb Code    36  stm32f1xx_hal_can.o(i.HAL_CAN_ActivateNotification)
    HAL_CAN_AddTxMessage                     0x080007b1   Thumb Code   220  stm32f1xx_hal_can.o(i.HAL_CAN_AddTxMessage)
    HAL_CAN_ConfigFilter                     0x0800088d   Thumb Code   238  stm32f1xx_hal_can.o(i.HAL_CAN_ConfigFilter)
    HAL_CAN_ErrorCallback                    0x0800097b   Thumb Code     2  stm32f1xx_hal_can.o(i.HAL_CAN_ErrorCallback)
    HAL_CAN_GetRxMessage                     0x0800097d   Thumb Code   232  stm32f1xx_hal_can.o(i.HAL_CAN_GetRxMessage)
    HAL_CAN_IRQHandler                       0x08000a65   Thumb Code   508  stm32f1xx_hal_can.o(i.HAL_CAN_IRQHandler)
    HAL_CAN_Init                             0x08000c61   Thumb Code   282  stm32f1xx_hal_can.o(i.HAL_CAN_Init)
    HAL_CAN_MspInit                          0x08000d7d   Thumb Code   130  stm32f1xx_hal_msp.o(i.HAL_CAN_MspInit)
    HAL_CAN_RxFifo0FullCallback              0x08000e11   Thumb Code     2  stm32f1xx_hal_can.o(i.HAL_CAN_RxFifo0FullCallback)
    HAL_CAN_RxFifo0MsgPendingCallback        0x08000e13   Thumb Code     2  stm32f1xx_hal_can.o(i.HAL_CAN_RxFifo0MsgPendingCallback)
    HAL_CAN_RxFifo1FullCallback              0x08000e15   Thumb Code     2  stm32f1xx_hal_can.o(i.HAL_CAN_RxFifo1FullCallback)
    HAL_CAN_RxFifo1MsgPendingCallback        0x08000e19   Thumb Code    44  can.o(i.HAL_CAN_RxFifo1MsgPendingCallback)
    HAL_CAN_SleepCallback                    0x08000e4d   Thumb Code     2  stm32f1xx_hal_can.o(i.HAL_CAN_SleepCallback)
    HAL_CAN_Start                            0x08000e51   Thumb Code    88  stm32f1xx_hal_can.o(i.HAL_CAN_Start)
    HAL_CAN_TxMailbox0AbortCallback          0x08000ea9   Thumb Code     2  stm32f1xx_hal_can.o(i.HAL_CAN_TxMailbox0AbortCallback)
    HAL_CAN_TxMailbox0CompleteCallback       0x08000eab   Thumb Code     2  stm32f1xx_hal_can.o(i.HAL_CAN_TxMailbox0CompleteCallback)
    HAL_CAN_TxMailbox1AbortCallback          0x08000ead   Thumb Code     2  stm32f1xx_hal_can.o(i.HAL_CAN_TxMailbox1AbortCallback)
    HAL_CAN_TxMailbox1CompleteCallback       0x08000eaf   Thumb Code     2  stm32f1xx_hal_can.o(i.HAL_CAN_TxMailbox1CompleteCallback)
    HAL_CAN_TxMailbox2AbortCallback          0x08000eb1   Thumb Code     2  stm32f1xx_hal_can.o(i.HAL_CAN_TxMailbox2AbortCallback)
    HAL_CAN_TxMailbox2CompleteCallback       0x08000eb3   Thumb Code     2  stm32f1xx_hal_can.o(i.HAL_CAN_TxMailbox2CompleteCallback)
    HAL_CAN_WakeUpFromRxMsgCallback          0x08000eb5   Thumb Code     2  stm32f1xx_hal_can.o(i.HAL_CAN_WakeUpFromRxMsgCallback)
    HAL_Delay                                0x08000eb9   Thumb Code    32  stm32f1xx_hal.o(i.HAL_Delay)
    HAL_GPIO_Init                            0x08000edd   Thumb Code   446  stm32f1xx_hal_gpio.o(i.HAL_GPIO_Init)
    HAL_GPIO_ReadPin                         0x080010bd   Thumb Code    10  stm32f1xx_hal_gpio.o(i.HAL_GPIO_ReadPin)
    HAL_GPIO_WritePin                        0x080010c7   Thumb Code    10  stm32f1xx_hal_gpio.o(i.HAL_GPIO_WritePin)
    HAL_GetTick                              0x080010d1   Thumb Code     6  stm32f1xx_hal.o(i.HAL_GetTick)
    HAL_IWDG_Init                            0x080010dd   Thumb Code    90  stm32f1xx_hal_iwdg.o(i.HAL_IWDG_Init)
    HAL_IWDG_Refresh                         0x08001137   Thumb Code    12  stm32f1xx_hal_iwdg.o(i.HAL_IWDG_Refresh)
    HAL_IncTick                              0x08001145   Thumb Code    12  stm32f1xx_hal.o(i.HAL_IncTick)
    HAL_Init                                 0x08001155   Thumb Code    32  stm32f1xx_hal.o(i.HAL_Init)
    HAL_InitTick                             0x08001179   Thumb Code    54  stm32f1xx_hal.o(i.HAL_InitTick)
    HAL_MspInit                              0x080011b9   Thumb Code    52  stm32f1xx_hal_msp.o(i.HAL_MspInit)
    HAL_NVIC_EnableIRQ                       0x080011f5   Thumb Code    26  stm32f1xx_hal_cortex.o(i.HAL_NVIC_EnableIRQ)
    HAL_NVIC_SetPriority                     0x08001211   Thumb Code    60  stm32f1xx_hal_cortex.o(i.HAL_NVIC_SetPriority)
    HAL_NVIC_SetPriorityGrouping             0x08001251   Thumb Code    26  stm32f1xx_hal_cortex.o(i.HAL_NVIC_SetPriorityGrouping)
    HAL_RCC_ClockConfig                      0x08001275   Thumb Code   280  stm32f1xx_hal_rcc.o(i.HAL_RCC_ClockConfig)
    HAL_RCC_GetSysClockFreq                  0x080013a1   Thumb Code    74  stm32f1xx_hal_rcc.o(i.HAL_RCC_GetSysClockFreq)
    HAL_RCC_OscConfig                        0x0800140d   Thumb Code   778  stm32f1xx_hal_rcc.o(i.HAL_RCC_OscConfig)
    HAL_SYSTICK_Config                       0x0800172d   Thumb Code    40  stm32f1xx_hal_cortex.o(i.HAL_SYSTICK_Config)
    HAL_TIMEx_BreakCallback                  0x08001755   Thumb Code     2  stm32f1xx_hal_tim_ex.o(i.HAL_TIMEx_BreakCallback)
    HAL_TIMEx_CommutCallback                 0x08001757   Thumb Code     2  stm32f1xx_hal_tim_ex.o(i.HAL_TIMEx_CommutCallback)
    HAL_TIMEx_ConfigBreakDeadTime            0x08001759   Thumb Code    84  stm32f1xx_hal_tim_ex.o(i.HAL_TIMEx_ConfigBreakDeadTime)
    HAL_TIMEx_MasterConfigSynchronization    0x080017ad   Thumb Code    92  stm32f1xx_hal_tim_ex.o(i.HAL_TIMEx_MasterConfigSynchronization)
    HAL_TIM_Base_Init                        0x08001815   Thumb Code    90  stm32f1xx_hal_tim.o(i.HAL_TIM_Base_Init)
    HAL_TIM_Base_MspInit                     0x08001871   Thumb Code    50  stm32f1xx_hal_msp.o(i.HAL_TIM_Base_MspInit)
    HAL_TIM_Base_Start_IT                    0x080018ad   Thumb Code    76  stm32f1xx_hal_tim.o(i.HAL_TIM_Base_Start_IT)
    HAL_TIM_ConfigClockSource                0x08001905   Thumb Code   214  stm32f1xx_hal_tim.o(i.HAL_TIM_ConfigClockSource)
    HAL_TIM_Encoder_Init                     0x080019db   Thumb Code   164  stm32f1xx_hal_tim.o(i.HAL_TIM_Encoder_Init)
    HAL_TIM_Encoder_MspInit                  0x08001a81   Thumb Code   152  stm32f1xx_hal_msp.o(i.HAL_TIM_Encoder_MspInit)
    HAL_TIM_IC_CaptureCallback               0x08001b25   Thumb Code     2  stm32f1xx_hal_tim.o(i.HAL_TIM_IC_CaptureCallback)
    HAL_TIM_IRQHandler                       0x08001b27   Thumb Code   358  stm32f1xx_hal_tim.o(i.HAL_TIM_IRQHandler)
    HAL_TIM_MspPostInit                      0x08001c8d   Thumb Code    86  stm32f1xx_hal_msp.o(i.HAL_TIM_MspPostInit)
    HAL_TIM_OC_DelayElapsedCallback          0x08001cf1   Thumb Code     2  stm32f1xx_hal_tim.o(i.HAL_TIM_OC_DelayElapsedCallback)
    HAL_TIM_PWM_ConfigChannel                0x08001cf3   Thumb Code   198  stm32f1xx_hal_tim.o(i.HAL_TIM_PWM_ConfigChannel)
    HAL_TIM_PWM_Init                         0x08001db9   Thumb Code    90  stm32f1xx_hal_tim.o(i.HAL_TIM_PWM_Init)
    HAL_TIM_PWM_MspInit                      0x08001e15   Thumb Code    30  stm32f1xx_hal_msp.o(i.HAL_TIM_PWM_MspInit)
    HAL_TIM_PWM_PulseFinishedCallback        0x08001e3d   Thumb Code     2  stm32f1xx_hal_tim.o(i.HAL_TIM_PWM_PulseFinishedCallback)
    HAL_TIM_PWM_Start                        0x08001e41   Thumb Code   144  stm32f1xx_hal_tim.o(i.HAL_TIM_PWM_Start)
    HAL_TIM_PeriodElapsedCallback            0x08001edd   Thumb Code    64  timer.o(i.HAL_TIM_PeriodElapsedCallback)
    HAL_TIM_TriggerCallback                  0x08001f25   Thumb Code     2  stm32f1xx_hal_tim.o(i.HAL_TIM_TriggerCallback)
    HardFault_Handler                        0x08001f27   Thumb Code     2  stm32f1xx_it.o(i.HardFault_Handler)
    InformDoorControl                        0x08001f29   Thumb Code    32  door_control.o(i.InformDoorControl)
    InitCan                                  0x08001f49   Thumb Code     4  can.o(i.InitCan)
    InitDetector                             0x08001f4d   Thumb Code    44  detector.o(i.InitDetector)
    InitDoorControl                          0x08001f7d   Thumb Code    32  door_control.o(i.InitDoorControl)
    MemManage_Handler                        0x08002255   Thumb Code     2  stm32f1xx_it.o(i.MemManage_Handler)
    MotorInit                                0x08002259   Thumb Code   112  motor.o(i.MotorInit)
    NMI_Handler                              0x080022e5   Thumb Code     2  stm32f1xx_it.o(i.NMI_Handler)
    PIDCalc                                  0x080022e9   Thumb Code   152  pid.o(i.PIDCalc)
    PIDInit                                  0x08002385   Thumb Code    30  pid.o(i.PIDInit)
    PID_Control                              0x080023a5   Thumb Code    96  motor.o(i.PID_Control)
    PendSV_Handler                           0x08002411   Thumb Code     2  stm32f1xx_it.o(i.PendSV_Handler)
    ReadPinState                             0x08002415   Thumb Code    22  io.o(i.ReadPinState)
    SVC_Handler                              0x08002431   Thumb Code     2  stm32f1xx_it.o(i.SVC_Handler)
    SetAngularSpeed                          0x08002435   Thumb Code    34  motor.o(i.SetAngularSpeed)
    SetAngularSpeedToZero                    0x0800245d   Thumb Code    46  motor.o(i.SetAngularSpeedToZero)
    SetPIDObject                             0x08002495   Thumb Code    20  pid.o(i.SetPIDObject)
    SysTick_Handler                          0x0800252d   Thumb Code     4  stm32f1xx_it.o(i.SysTick_Handler)
    SystemClock_Config                       0x08002531   Thumb Code    96  main.o(i.SystemClock_Config)
    SystemInit                               0x08002591   Thumb Code    60  system_stm32f1xx.o(i.SystemInit)
    TIM2_IRQHandler                          0x080025d9   Thumb Code     6  stm32f1xx_it.o(i.TIM2_IRQHandler)
    TIM3_IRQHandler                          0x080025e5   Thumb Code     6  stm32f1xx_it.o(i.TIM3_IRQHandler)
    TIM4_IRQHandler                          0x080025f1   Thumb Code     6  stm32f1xx_it.o(i.TIM4_IRQHandler)
    TIM_Base_SetConfig                       0x080025fd   Thumb Code    94  stm32f1xx_hal_tim.o(i.TIM_Base_SetConfig)
    TIM_CCxChannelCmd                        0x08002669   Thumb Code    26  stm32f1xx_hal_tim.o(i.TIM_CCxChannelCmd)
    TIM_ETR_SetConfig                        0x08002683   Thumb Code    20  stm32f1xx_hal_tim.o(i.TIM_ETR_SetConfig)
    TIM_OC2_SetConfig                        0x080026f9   Thumb Code    84  stm32f1xx_hal_tim.o(i.TIM_OC2_SetConfig)
    UpdateEncoderCount                       0x08002835   Thumb Code   182  motor.o(i.UpdateEncoderCount)
    UpdateOverCurrentProtection              0x08002909   Thumb Code    60  overcurrentprotection.o(i.UpdateOverCurrentProtection)
    UsageFault_Handler                       0x08002955   Thumb Code     2  stm32f1xx_it.o(i.UsageFault_Handler)
    main                                     0x08002979   Thumb Code   136  main.o(i.main)
    __aeabi_d2f                              0x08002a0d   Thumb Code     0  d2f.o(x$fpl$d2f)
    _d2f                                     0x08002a0d   Thumb Code    98  d2f.o(x$fpl$d2f)
    __aeabi_dadd                             0x08002a71   Thumb Code     0  daddsub_clz.o(x$fpl$dadd)
    _dadd                                    0x08002a71   Thumb Code   332  daddsub_clz.o(x$fpl$dadd)
    __aeabi_ddiv                             0x08002bc1   Thumb Code     0  ddiv.o(x$fpl$ddiv)
    _ddiv                                    0x08002bc1   Thumb Code   552  ddiv.o(x$fpl$ddiv)
    __aeabi_dmul                             0x08002e71   Thumb Code     0  dmul.o(x$fpl$dmul)
    _dmul                                    0x08002e71   Thumb Code   332  dmul.o(x$fpl$dmul)
    __fpl_dnaninf                            0x08002fc5   Thumb Code   156  dnaninf.o(x$fpl$dnaninf)
    __fpl_dretinf                            0x08003061   Thumb Code    12  dretinf.o(x$fpl$dretinf)
    __aeabi_dsub                             0x0800306d   Thumb Code     0  daddsub_clz.o(x$fpl$dsub)
    _dsub                                    0x0800306d   Thumb Code   464  daddsub_clz.o(x$fpl$dsub)
    __aeabi_f2d                              0x08003241   Thumb Code     0  f2d.o(x$fpl$f2d)
    _f2d                                     0x08003241   Thumb Code    86  f2d.o(x$fpl$f2d)
    __aeabi_fadd                             0x08003299   Thumb Code     0  faddsub_clz.o(x$fpl$fadd)
    _fadd                                    0x08003299   Thumb Code   196  faddsub_clz.o(x$fpl$fadd)
    __aeabi_f2uiz                            0x0800335d   Thumb Code     0  ffixu.o(x$fpl$ffixu)
    _ffixu                                   0x0800335d   Thumb Code    62  ffixu.o(x$fpl$ffixu)
    __aeabi_i2f                              0x0800339d   Thumb Code     0  fflt_clz.o(x$fpl$fflt)
    _fflt                                    0x0800339d   Thumb Code    48  fflt_clz.o(x$fpl$fflt)
    __aeabi_fmul                             0x080033cd   Thumb Code     0  fmul.o(x$fpl$fmul)
    _fmul                                    0x080033cd   Thumb Code   258  fmul.o(x$fpl$fmul)
    __fpl_fnaninf                            0x080034cf   Thumb Code   140  fnaninf.o(x$fpl$fnaninf)
    __fpl_fretinf                            0x0800355b   Thumb Code    10  fretinf.o(x$fpl$fretinf)
    __aeabi_fsub                             0x08003565   Thumb Code     0  faddsub_clz.o(x$fpl$fsub)
    _fsub                                    0x08003565   Thumb Code   234  faddsub_clz.o(x$fpl$fsub)
    __I$use$fp                               0x0800364e   Number         0  usenofp.o(x$fpl$usenofp)
    TIGHT_ANGLE                              0x08003650   Data           8  door_control.o(.constdata)
    AHBPrescTable                            0x08003688   Data          16  system_stm32f1xx.o(.constdata)
    Region$$Table$$Base                      0x08003698   Number         0  anon$$obj.o(Region$$Table)
    Region$$Table$$Limit                     0x080036b8   Number         0  anon$$obj.o(Region$$Table)
    SystemCoreClock                          0x2000007c   Data           4  system_stm32f1xx.o(.data)
    uwTickFreq                               0x20000080   Data           1  stm32f1xx_hal.o(.data)
    uwTickPrio                               0x20000084   Data           4  stm32f1xx_hal.o(.data)
    uwTick                                   0x20000088   Data           4  stm32f1xx_hal.o(.data)
    hcan                                     0x20000124   Data          40  main.o(.bss)
    hiwdg                                    0x2000014c   Data          12  main.o(.bss)
    htim1                                    0x20000158   Data          72  main.o(.bss)
    htim2                                    0x200001a0   Data          72  main.o(.bss)
    htim3                                    0x200001e8   Data          72  main.o(.bss)
    htim4                                    0x20000230   Data          72  main.o(.bss)
    __libspace_start                         0x20000278   Data          96  libspace.o(.bss)
    __temporary_stack_top$libspace           0x200002d8   Data           0  libspace.o(.bss)



==============================================================================

Memory Map of the image

  Image Entry point : 0x080000ed

  Load Region LR_IROM1 (Base: 0x08000000, Size: 0x00003744, Max: 0x00010000, ABSOLUTE)

    Execution Region ER_IROM1 (Exec base: 0x08000000, Load base: 0x08000000, Size: 0x000036b8, Max: 0x00010000, ABSOLUTE)

    Exec Addr    Load Addr    Size         Type   Attr      Idx    E Section Name        Object

    0x08000000   0x08000000   0x000000ec   Data   RO            3    RESET               startup_stm32f103xb.o
    0x080000ec   0x080000ec   0x00000008   Code   RO         3048  * !!!main             c_w.l(__main.o)
    0x080000f4   0x080000f4   0x00000034   Code   RO         3256    !!!scatter          c_w.l(__scatter.o)
    0x08000128   0x08000128   0x0000001a   Code   RO         3258    !!handler_copy      c_w.l(__scatter_copy.o)
    0x08000142   0x08000142   0x00000002   PAD
    0x08000144   0x08000144   0x0000001c   Code   RO         3260    !!handler_zi        c_w.l(__scatter_zi.o)
    0x08000160   0x08000160   0x00000002   Code   RO         3124    .ARM.Collect$$libinit$$00000000  c_w.l(libinit.o)
    0x08000162   0x08000162   0x00000000   Code   RO         3131    .ARM.Collect$$libinit$$00000002  c_w.l(libinit2.o)
    0x08000162   0x08000162   0x00000000   Code   RO         3133    .ARM.Collect$$libinit$$00000004  c_w.l(libinit2.o)
    0x08000162   0x08000162   0x00000000   Code   RO         3136    .ARM.Collect$$libinit$$0000000A  c_w.l(libinit2.o)
    0x08000162   0x08000162   0x00000000   Code   RO         3138    .ARM.Collect$$libinit$$0000000C  c_w.l(libinit2.o)
    0x08000162   0x08000162   0x00000000   Code   RO         3140    .ARM.Collect$$libinit$$0000000E  c_w.l(libinit2.o)
    0x08000162   0x08000162   0x00000000   Code   RO         3143    .ARM.Collect$$libinit$$00000011  c_w.l(libinit2.o)
    0x08000162   0x08000162   0x00000000   Code   RO         3145    .ARM.Collect$$libinit$$00000013  c_w.l(libinit2.o)
    0x08000162   0x08000162   0x00000000   Code   RO         3147    .ARM.Collect$$libinit$$00000015  c_w.l(libinit2.o)
    0x08000162   0x08000162   0x00000000   Code   RO         3149    .ARM.Collect$$libinit$$00000017  c_w.l(libinit2.o)
    0x08000162   0x08000162   0x00000000   Code   RO         3151    .ARM.Collect$$libinit$$00000019  c_w.l(libinit2.o)
    0x08000162   0x08000162   0x00000000   Code   RO         3153    .ARM.Collect$$libinit$$0000001B  c_w.l(libinit2.o)
    0x08000162   0x08000162   0x00000000   Code   RO         3155    .ARM.Collect$$libinit$$0000001D  c_w.l(libinit2.o)
    0x08000162   0x08000162   0x00000000   Code   RO         3157    .ARM.Collect$$libinit$$0000001F  c_w.l(libinit2.o)
    0x08000162   0x08000162   0x00000000   Code   RO         3159    .ARM.Collect$$libinit$$00000021  c_w.l(libinit2.o)
    0x08000162   0x08000162   0x00000000   Code   RO         3161    .ARM.Collect$$libinit$$00000023  c_w.l(libinit2.o)
    0x08000162   0x08000162   0x00000000   Code   RO         3163    .ARM.Collect$$libinit$$00000025  c_w.l(libinit2.o)
    0x08000162   0x08000162   0x00000000   Code   RO         3167    .ARM.Collect$$libinit$$0000002C  c_w.l(libinit2.o)
    0x08000162   0x08000162   0x00000000   Code   RO         3169    .ARM.Collect$$libinit$$0000002E  c_w.l(libinit2.o)
    0x08000162   0x08000162   0x00000000   Code   RO         3171    .ARM.Collect$$libinit$$00000030  c_w.l(libinit2.o)
    0x08000162   0x08000162   0x00000000   Code   RO         3173    .ARM.Collect$$libinit$$00000032  c_w.l(libinit2.o)
    0x08000162   0x08000162   0x00000002   Code   RO         3174    .ARM.Collect$$libinit$$00000033  c_w.l(libinit2.o)
    0x08000164   0x08000164   0x00000002   Code   RO         3194    .ARM.Collect$$libshutdown$$00000000  c_w.l(libshutdown.o)
    0x08000166   0x08000166   0x00000000   Code   RO         3207    .ARM.Collect$$libshutdown$$00000002  c_w.l(libshutdown2.o)
    0x08000166   0x08000166   0x00000000   Code   RO         3209    .ARM.Collect$$libshutdown$$00000004  c_w.l(libshutdown2.o)
    0x08000166   0x08000166   0x00000000   Code   RO         3211    .ARM.Collect$$libshutdown$$00000006  c_w.l(libshutdown2.o)
    0x08000166   0x08000166   0x00000000   Code   RO         3214    .ARM.Collect$$libshutdown$$00000009  c_w.l(libshutdown2.o)
    0x08000166   0x08000166   0x00000000   Code   RO         3217    .ARM.Collect$$libshutdown$$0000000C  c_w.l(libshutdown2.o)
    0x08000166   0x08000166   0x00000000   Code   RO         3219    .ARM.Collect$$libshutdown$$0000000E  c_w.l(libshutdown2.o)
    0x08000166   0x08000166   0x00000000   Code   RO         3222    .ARM.Collect$$libshutdown$$00000011  c_w.l(libshutdown2.o)
    0x08000166   0x08000166   0x00000002   Code   RO         3223    .ARM.Collect$$libshutdown$$00000012  c_w.l(libshutdown2.o)
    0x08000168   0x08000168   0x00000000   Code   RO         3088    .ARM.Collect$$rtentry$$00000000  c_w.l(__rtentry.o)
    0x08000168   0x08000168   0x00000000   Code   RO         3101    .ARM.Collect$$rtentry$$00000002  c_w.l(__rtentry2.o)
    0x08000168   0x08000168   0x00000006   Code   RO         3113    .ARM.Collect$$rtentry$$00000004  c_w.l(__rtentry4.o)
    0x0800016e   0x0800016e   0x00000000   Code   RO         3103    .ARM.Collect$$rtentry$$00000009  c_w.l(__rtentry2.o)
    0x0800016e   0x0800016e   0x00000004   Code   RO         3104    .ARM.Collect$$rtentry$$0000000A  c_w.l(__rtentry2.o)
    0x08000172   0x08000172   0x00000000   Code   RO         3106    .ARM.Collect$$rtentry$$0000000C  c_w.l(__rtentry2.o)
    0x08000172   0x08000172   0x00000008   Code   RO         3107    .ARM.Collect$$rtentry$$0000000D  c_w.l(__rtentry2.o)
    0x0800017a   0x0800017a   0x00000002   Code   RO         3128    .ARM.Collect$$rtexit$$00000000  c_w.l(rtexit.o)
    0x0800017c   0x0800017c   0x00000000   Code   RO         3176    .ARM.Collect$$rtexit$$00000002  c_w.l(rtexit2.o)
    0x0800017c   0x0800017c   0x00000004   Code   RO         3177    .ARM.Collect$$rtexit$$00000003  c_w.l(rtexit2.o)
    0x08000180   0x08000180   0x00000006   Code   RO         3178    .ARM.Collect$$rtexit$$00000004  c_w.l(rtexit2.o)
    0x08000186   0x08000186   0x00000002   PAD
    0x08000188   0x08000188   0x00000040   Code   RO            4    .text               startup_stm32f103xb.o
    0x080001c8   0x080001c8   0x0000008a   Code   RO         3042    .text               c_w.l(rt_memcpy_v6.o)
    0x08000252   0x08000252   0x0000004e   Code   RO         3044    .text               c_w.l(rt_memclr_w.o)
    0x080002a0   0x080002a0   0x00000006   Code   RO         3046    .text               c_w.l(heapauxi.o)
    0x080002a6   0x080002a6   0x00000064   Code   RO         3089    .text               c_w.l(rt_memcpy_w.o)
    0x0800030a   0x0800030a   0x0000004a   Code   RO         3115    .text               c_w.l(sys_stackheap_outer.o)
    0x08000354   0x08000354   0x00000012   Code   RO         3117    .text               c_w.l(exit.o)
    0x08000366   0x08000366   0x00000002   PAD
    0x08000368   0x08000368   0x00000008   Code   RO         3125    .text               c_w.l(libspace.o)
    0x08000370   0x08000370   0x0000000c   Code   RO         3186    .text               c_w.l(sys_exit.o)
    0x0800037c   0x0800037c   0x00000002   Code   RO         3197    .text               c_w.l(use_no_semi.o)
    0x0800037e   0x0800037e   0x00000000   Code   RO         3199    .text               c_w.l(indicate_semi.o)
    0x0800037e   0x0800037e   0x00000002   Code   RO          539    i.BusFault_Handler  stm32f1xx_it.o
    0x08000380   0x08000380   0x0000000c   Code   RO          540    i.CAN1_RX1_IRQHandler  stm32f1xx_it.o
    0x0800038c   0x0800038c   0x00000044   Code   RO          232    i.CanConfigAndStart  can.o
    0x080003d0   0x080003d0   0x00000048   Code   RO          233    i.CanFunction       can.o
    0x08000418   0x08000418   0x00000024   Code   RO          234    i.CanSendMessageToRcu  can.o
    0x0800043c   0x0800043c   0x00000034   Code   RO          235    i.CanTransmit       can.o
    0x08000470   0x08000470   0x00000020   Code   RO           13    i.ClearEncoderAndAngle  motor.o
    0x08000490   0x08000490   0x00000010   Code   RO          426    i.ClearOverCurrentStatus  overcurrentprotection.o
    0x080004a0   0x080004a0   0x00000002   Code   RO          541    i.DebugMon_Handler  stm32f1xx_it.o
    0x080004a2   0x080004a2   0x00000002   PAD
    0x080004a4   0x080004a4   0x00000088   Code   RO          360    i.Detector          detector.o
    0x0800052c   0x0800052c   0x00000040   Code   RO          290    i.DoorClose         door_control.o
    0x0800056c   0x0800056c   0x0000000c   Code   RO          361    i.DoorClosedDetected  detector.o
    0x08000578   0x08000578   0x00000160   Code   RO          291    i.DoorControlFunction  door_control.o
    0x080006d8   0x080006d8   0x0000003c   Code   RO          292    i.DoorOpen          door_control.o
    0x08000714   0x08000714   0x0000001c   Code   RO          293    i.DoorReset         door_control.o
    0x08000730   0x08000730   0x0000003c   Code   RO           14    i.EncoderCounterOverflow  motor.o
    0x0800076c   0x0800076c   0x0000000c   Code   RO           15    i.GetMotorPosition  motor.o
    0x08000778   0x08000778   0x00000014   Code   RO          427    i.GetOverCurrentStatus  overcurrentprotection.o
    0x0800078c   0x0800078c   0x00000024   Code   RO          830    i.HAL_CAN_ActivateNotification  stm32f1xx_hal_can.o
    0x080007b0   0x080007b0   0x000000dc   Code   RO          831    i.HAL_CAN_AddTxMessage  stm32f1xx_hal_can.o
    0x0800088c   0x0800088c   0x000000ee   Code   RO          832    i.HAL_CAN_ConfigFilter  stm32f1xx_hal_can.o
    0x0800097a   0x0800097a   0x00000002   Code   RO          835    i.HAL_CAN_ErrorCallback  stm32f1xx_hal_can.o
    0x0800097c   0x0800097c   0x000000e8   Code   RO          838    i.HAL_CAN_GetRxMessage  stm32f1xx_hal_can.o
    0x08000a64   0x08000a64   0x000001fc   Code   RO          842    i.HAL_CAN_IRQHandler  stm32f1xx_hal_can.o
    0x08000c60   0x08000c60   0x0000011a   Code   RO          843    i.HAL_CAN_Init      stm32f1xx_hal_can.o
    0x08000d7a   0x08000d7a   0x00000002   PAD
    0x08000d7c   0x08000d7c   0x00000094   Code   RO          640    i.HAL_CAN_MspInit   stm32f1xx_hal_msp.o
    0x08000e10   0x08000e10   0x00000002   Code   RO          850    i.HAL_CAN_RxFifo0FullCallback  stm32f1xx_hal_can.o
    0x08000e12   0x08000e12   0x00000002   Code   RO          851    i.HAL_CAN_RxFifo0MsgPendingCallback  stm32f1xx_hal_can.o
    0x08000e14   0x08000e14   0x00000002   Code   RO          852    i.HAL_CAN_RxFifo1FullCallback  stm32f1xx_hal_can.o
    0x08000e16   0x08000e16   0x00000002   PAD
    0x08000e18   0x08000e18   0x00000034   Code   RO          236    i.HAL_CAN_RxFifo1MsgPendingCallback  can.o
    0x08000e4c   0x08000e4c   0x00000002   Code   RO          854    i.HAL_CAN_SleepCallback  stm32f1xx_hal_can.o
    0x08000e4e   0x08000e4e   0x00000002   PAD
    0x08000e50   0x08000e50   0x00000058   Code   RO          855    i.HAL_CAN_Start     stm32f1xx_hal_can.o
    0x08000ea8   0x08000ea8   0x00000002   Code   RO          857    i.HAL_CAN_TxMailbox0AbortCallback  stm32f1xx_hal_can.o
    0x08000eaa   0x08000eaa   0x00000002   Code   RO          858    i.HAL_CAN_TxMailbox0CompleteCallback  stm32f1xx_hal_can.o
    0x08000eac   0x08000eac   0x00000002   Code   RO          859    i.HAL_CAN_TxMailbox1AbortCallback  stm32f1xx_hal_can.o
    0x08000eae   0x08000eae   0x00000002   Code   RO          860    i.HAL_CAN_TxMailbox1CompleteCallback  stm32f1xx_hal_can.o
    0x08000eb0   0x08000eb0   0x00000002   Code   RO          861    i.HAL_CAN_TxMailbox2AbortCallback  stm32f1xx_hal_can.o
    0x08000eb2   0x08000eb2   0x00000002   Code   RO          862    i.HAL_CAN_TxMailbox2CompleteCallback  stm32f1xx_hal_can.o
    0x08000eb4   0x08000eb4   0x00000002   Code   RO          864    i.HAL_CAN_WakeUpFromRxMsgCallback  stm32f1xx_hal_can.o
    0x08000eb6   0x08000eb6   0x00000002   PAD
    0x08000eb8   0x08000eb8   0x00000024   Code   RO         1070    i.HAL_Delay         stm32f1xx_hal.o
    0x08000edc   0x08000edc   0x000001e0   Code   RO         1378    i.HAL_GPIO_Init     stm32f1xx_hal_gpio.o
    0x080010bc   0x080010bc   0x0000000a   Code   RO         1380    i.HAL_GPIO_ReadPin  stm32f1xx_hal_gpio.o
    0x080010c6   0x080010c6   0x0000000a   Code   RO         1382    i.HAL_GPIO_WritePin  stm32f1xx_hal_gpio.o
    0x080010d0   0x080010d0   0x0000000c   Code   RO         1074    i.HAL_GetTick       stm32f1xx_hal.o
    0x080010dc   0x080010dc   0x0000005a   Code   RO         2038    i.HAL_IWDG_Init     stm32f1xx_hal_iwdg.o
    0x08001136   0x08001136   0x0000000c   Code   RO         2039    i.HAL_IWDG_Refresh  stm32f1xx_hal_iwdg.o
    0x08001142   0x08001142   0x00000002   PAD
    0x08001144   0x08001144   0x00000010   Code   RO         1080    i.HAL_IncTick       stm32f1xx_hal.o
    0x08001154   0x08001154   0x00000024   Code   RO         1081    i.HAL_Init          stm32f1xx_hal.o
    0x08001178   0x08001178   0x00000040   Code   RO         1082    i.HAL_InitTick      stm32f1xx_hal.o
    0x080011b8   0x080011b8   0x0000003c   Code   RO          641    i.HAL_MspInit       stm32f1xx_hal_msp.o
    0x080011f4   0x080011f4   0x0000001a   Code   RO         1538    i.HAL_NVIC_EnableIRQ  stm32f1xx_hal_cortex.o
    0x0800120e   0x0800120e   0x00000002   PAD
    0x08001210   0x08001210   0x00000040   Code   RO         1544    i.HAL_NVIC_SetPriority  stm32f1xx_hal_cortex.o
    0x08001250   0x08001250   0x00000024   Code   RO         1545    i.HAL_NVIC_SetPriorityGrouping  stm32f1xx_hal_cortex.o
    0x08001274   0x08001274   0x0000012c   Code   RO         1238    i.HAL_RCC_ClockConfig  stm32f1xx_hal_rcc.o
    0x080013a0   0x080013a0   0x0000006c   Code   RO         1247    i.HAL_RCC_GetSysClockFreq  stm32f1xx_hal_rcc.o
    0x0800140c   0x0800140c   0x00000320   Code   RO         1250    i.HAL_RCC_OscConfig  stm32f1xx_hal_rcc.o
    0x0800172c   0x0800172c   0x00000028   Code   RO         1549    i.HAL_SYSTICK_Config  stm32f1xx_hal_cortex.o
    0x08001754   0x08001754   0x00000002   Code   RO         2774    i.HAL_TIMEx_BreakCallback  stm32f1xx_hal_tim_ex.o
    0x08001756   0x08001756   0x00000002   Code   RO         2775    i.HAL_TIMEx_CommutCallback  stm32f1xx_hal_tim_ex.o
    0x08001758   0x08001758   0x00000054   Code   RO         2777    i.HAL_TIMEx_ConfigBreakDeadTime  stm32f1xx_hal_tim_ex.o
    0x080017ac   0x080017ac   0x00000068   Code   RO         2793    i.HAL_TIMEx_MasterConfigSynchronization  stm32f1xx_hal_tim_ex.o
    0x08001814   0x08001814   0x0000005a   Code   RO         2070    i.HAL_TIM_Base_Init  stm32f1xx_hal_tim.o
    0x0800186e   0x0800186e   0x00000002   PAD
    0x08001870   0x08001870   0x0000003c   Code   RO          643    i.HAL_TIM_Base_MspInit  stm32f1xx_hal_msp.o
    0x080018ac   0x080018ac   0x00000058   Code   RO         2075    i.HAL_TIM_Base_Start_IT  stm32f1xx_hal_tim.o
    0x08001904   0x08001904   0x000000d6   Code   RO         2079    i.HAL_TIM_ConfigClockSource  stm32f1xx_hal_tim.o
    0x080019da   0x080019da   0x000000a4   Code   RO         2091    i.HAL_TIM_Encoder_Init  stm32f1xx_hal_tim.o
    0x08001a7e   0x08001a7e   0x00000002   PAD
    0x08001a80   0x08001a80   0x000000a4   Code   RO          645    i.HAL_TIM_Encoder_MspInit  stm32f1xx_hal_msp.o
    0x08001b24   0x08001b24   0x00000002   Code   RO         2104    i.HAL_TIM_IC_CaptureCallback  stm32f1xx_hal_tim.o
    0x08001b26   0x08001b26   0x00000166   Code   RO         2118    i.HAL_TIM_IRQHandler  stm32f1xx_hal_tim.o
    0x08001c8c   0x08001c8c   0x00000064   Code   RO          646    i.HAL_TIM_MspPostInit  stm32f1xx_hal_msp.o
    0x08001cf0   0x08001cf0   0x00000002   Code   RO         2121    i.HAL_TIM_OC_DelayElapsedCallback  stm32f1xx_hal_tim.o
    0x08001cf2   0x08001cf2   0x000000c6   Code   RO         2142    i.HAL_TIM_PWM_ConfigChannel  stm32f1xx_hal_tim.o
    0x08001db8   0x08001db8   0x0000005a   Code   RO         2145    i.HAL_TIM_PWM_Init  stm32f1xx_hal_tim.o
    0x08001e12   0x08001e12   0x00000002   PAD
    0x08001e14   0x08001e14   0x00000028   Code   RO          648    i.HAL_TIM_PWM_MspInit  stm32f1xx_hal_msp.o
    0x08001e3c   0x08001e3c   0x00000002   Code   RO         2148    i.HAL_TIM_PWM_PulseFinishedCallback  stm32f1xx_hal_tim.o
    0x08001e3e   0x08001e3e   0x00000002   PAD
    0x08001e40   0x08001e40   0x0000009c   Code   RO         2150    i.HAL_TIM_PWM_Start  stm32f1xx_hal_tim.o
    0x08001edc   0x08001edc   0x00000048   Code   RO          401    i.HAL_TIM_PeriodElapsedCallback  timer.o
    0x08001f24   0x08001f24   0x00000002   Code   RO         2161    i.HAL_TIM_TriggerCallback  stm32f1xx_hal_tim.o
    0x08001f26   0x08001f26   0x00000002   Code   RO          542    i.HardFault_Handler  stm32f1xx_it.o
    0x08001f28   0x08001f28   0x00000020   Code   RO          294    i.InformDoorControl  door_control.o
    0x08001f48   0x08001f48   0x00000004   Code   RO          237    i.InitCan           can.o
    0x08001f4c   0x08001f4c   0x00000030   Code   RO          362    i.InitDetector      detector.o
    0x08001f7c   0x08001f7c   0x00000024   Code   RO          295    i.InitDoorControl   door_control.o
    0x08001fa0   0x08001fa0   0x0000003c   Code   RO          465    i.MX_CAN_Init       main.o
    0x08001fdc   0x08001fdc   0x00000080   Code   RO          466    i.MX_GPIO_Init      main.o
    0x0800205c   0x0800205c   0x000000c4   Code   RO          467    i.MX_TIM1_Init      main.o
    0x08002120   0x08002120   0x00000068   Code   RO          468    i.MX_TIM2_Init      main.o
    0x08002188   0x08002188   0x0000006c   Code   RO          469    i.MX_TIM3_Init      main.o
    0x080021f4   0x080021f4   0x00000060   Code   RO          470    i.MX_TIM4_Init      main.o
    0x08002254   0x08002254   0x00000002   Code   RO          543    i.MemManage_Handler  stm32f1xx_it.o
    0x08002256   0x08002256   0x00000002   PAD
    0x08002258   0x08002258   0x0000008c   Code   RO           16    i.MotorInit         motor.o
    0x080022e4   0x080022e4   0x00000002   Code   RO          544    i.NMI_Handler       stm32f1xx_it.o
    0x080022e6   0x080022e6   0x00000002   PAD
    0x080022e8   0x080022e8   0x0000009c   Code   RO          200    i.PIDCalc           pid.o
    0x08002384   0x08002384   0x0000001e   Code   RO          201    i.PIDInit           pid.o
    0x080023a2   0x080023a2   0x00000002   PAD
    0x080023a4   0x080023a4   0x0000006c   Code   RO           17    i.PID_Control       motor.o
    0x08002410   0x08002410   0x00000002   Code   RO          545    i.PendSV_Handler    stm32f1xx_it.o
    0x08002412   0x08002412   0x00000002   PAD
    0x08002414   0x08002414   0x0000001c   Code   RO          717    i.ReadPinState      io.o
    0x08002430   0x08002430   0x00000002   Code   RO          546    i.SVC_Handler       stm32f1xx_it.o
    0x08002432   0x08002432   0x00000002   PAD
    0x08002434   0x08002434   0x00000028   Code   RO           18    i.SetAngularSpeed   motor.o
    0x0800245c   0x0800245c   0x00000038   Code   RO           19    i.SetAngularSpeedToZero  motor.o
    0x08002494   0x08002494   0x00000014   Code   RO          202    i.SetPIDObject      pid.o
    0x080024a8   0x080024a8   0x00000084   Code   RO           21    i.SetPWM            motor.o
    0x0800252c   0x0800252c   0x00000004   Code   RO          547    i.SysTick_Handler   stm32f1xx_it.o
    0x08002530   0x08002530   0x00000060   Code   RO          471    i.SystemClock_Config  main.o
    0x08002590   0x08002590   0x00000048   Code   RO          756    i.SystemInit        system_stm32f1xx.o
    0x080025d8   0x080025d8   0x0000000c   Code   RO          548    i.TIM2_IRQHandler   stm32f1xx_it.o
    0x080025e4   0x080025e4   0x0000000c   Code   RO          549    i.TIM3_IRQHandler   stm32f1xx_it.o
    0x080025f0   0x080025f0   0x0000000c   Code   RO          550    i.TIM4_IRQHandler   stm32f1xx_it.o
    0x080025fc   0x080025fc   0x0000006c   Code   RO         2163    i.TIM_Base_SetConfig  stm32f1xx_hal_tim.o
    0x08002668   0x08002668   0x0000001a   Code   RO         2164    i.TIM_CCxChannelCmd  stm32f1xx_hal_tim.o
    0x08002682   0x08002682   0x00000014   Code   RO         2174    i.TIM_ETR_SetConfig  stm32f1xx_hal_tim.o
    0x08002696   0x08002696   0x00000010   Code   RO         2175    i.TIM_ITRx_SetConfig  stm32f1xx_hal_tim.o
    0x080026a6   0x080026a6   0x00000002   PAD
    0x080026a8   0x080026a8   0x00000050   Code   RO         2176    i.TIM_OC1_SetConfig  stm32f1xx_hal_tim.o
    0x080026f8   0x080026f8   0x00000058   Code   RO         2177    i.TIM_OC2_SetConfig  stm32f1xx_hal_tim.o
    0x08002750   0x08002750   0x00000058   Code   RO         2178    i.TIM_OC3_SetConfig  stm32f1xx_hal_tim.o
    0x080027a8   0x080027a8   0x00000044   Code   RO         2179    i.TIM_OC4_SetConfig  stm32f1xx_hal_tim.o
    0x080027ec   0x080027ec   0x00000022   Code   RO         2181    i.TIM_TI1_ConfigInputStage  stm32f1xx_hal_tim.o
    0x0800280e   0x0800280e   0x00000024   Code   RO         2183    i.TIM_TI2_ConfigInputStage  stm32f1xx_hal_tim.o
    0x08002832   0x08002832   0x00000002   PAD
    0x08002834   0x08002834   0x000000d4   Code   RO           22    i.UpdateEncoderCount  motor.o
    0x08002908   0x08002908   0x0000004c   Code   RO          428    i.UpdateOverCurrentProtection  overcurrentprotection.o
    0x08002954   0x08002954   0x00000002   Code   RO          551    i.UsageFault_Handler  stm32f1xx_it.o
    0x08002956   0x08002956   0x00000020   Code   RO         1551    i.__NVIC_SetPriority  stm32f1xx_hal_cortex.o
    0x08002976   0x08002976   0x00000002   PAD
    0x08002978   0x08002978   0x00000094   Code   RO          473    i.main              main.o
    0x08002a0c   0x08002a0c   0x00000062   Code   RO         3050    x$fpl$d2f           fz_ws.l(d2f.o)
    0x08002a6e   0x08002a6e   0x00000002   PAD
    0x08002a70   0x08002a70   0x00000150   Code   RO         3052    x$fpl$dadd          fz_ws.l(daddsub_clz.o)
    0x08002bc0   0x08002bc0   0x000002b0   Code   RO         3059    x$fpl$ddiv          fz_ws.l(ddiv.o)
    0x08002e70   0x08002e70   0x00000154   Code   RO         3062    x$fpl$dmul          fz_ws.l(dmul.o)
    0x08002fc4   0x08002fc4   0x0000009c   Code   RO         3091    x$fpl$dnaninf       fz_ws.l(dnaninf.o)
    0x08003060   0x08003060   0x0000000c   Code   RO         3093    x$fpl$dretinf       fz_ws.l(dretinf.o)
    0x0800306c   0x0800306c   0x000001d4   Code   RO         3054    x$fpl$dsub          fz_ws.l(daddsub_clz.o)
    0x08003240   0x08003240   0x00000056   Code   RO         3064    x$fpl$f2d           fz_ws.l(f2d.o)
    0x08003296   0x08003296   0x00000002   PAD
    0x08003298   0x08003298   0x000000c4   Code   RO         3066    x$fpl$fadd          fz_ws.l(faddsub_clz.o)
    0x0800335c   0x0800335c   0x0000003e   Code   RO         3076    x$fpl$ffixu         fz_ws.l(ffixu.o)
    0x0800339a   0x0800339a   0x00000002   PAD
    0x0800339c   0x0800339c   0x00000030   Code   RO         3081    x$fpl$fflt          fz_ws.l(fflt_clz.o)
    0x080033cc   0x080033cc   0x00000102   Code   RO         3086    x$fpl$fmul          fz_ws.l(fmul.o)
    0x080034ce   0x080034ce   0x0000008c   Code   RO         3095    x$fpl$fnaninf       fz_ws.l(fnaninf.o)
    0x0800355a   0x0800355a   0x0000000a   Code   RO         3097    x$fpl$fretinf       fz_ws.l(fretinf.o)
    0x08003564   0x08003564   0x000000ea   Code   RO         3068    x$fpl$fsub          fz_ws.l(faddsub_clz.o)
    0x0800364e   0x0800364e   0x00000000   Code   RO         3099    x$fpl$usenofp       fz_ws.l(usenofp.o)
    0x0800364e   0x0800364e   0x00000002   PAD
    0x08003650   0x08003650   0x00000008   Data   RO          298    .constdata          door_control.o
    0x08003658   0x08003658   0x00000030   Data   RO          720    .constdata          io.o
    0x08003688   0x08003688   0x00000010   Data   RO          757    .constdata          system_stm32f1xx.o
    0x08003698   0x08003698   0x00000020   Data   RO         3254    Region$$Table       anon$$obj.o


    Execution Region RW_IRAM1 (Exec base: 0x20000000, Load base: 0x080036b8, Size: 0x000008d8, Max: 0x00005000, ABSOLUTE)

    Exec Addr    Load Addr    Size         Type   Attr      Idx    E Section Name        Object

    0x20000000   0x080036b8   0x00000030   Data   RW           24    .data               motor.o
    0x20000030   0x080036e8   0x00000008   Data   RW          203    .data               pid.o
    0x20000038   0x080036f0   0x00000010   Data   RW          239    .data               can.o
    0x20000048   0x08003700   0x00000018   Data   RW          299    .data               door_control.o
    0x20000060   0x08003718   0x0000000e   Data   RW          363    .data               detector.o
    0x2000006e   0x08003726   0x00000002   PAD
    0x20000070   0x08003728   0x0000000c   Data   RW          429    .data               overcurrentprotection.o
    0x2000007c   0x08003734   0x00000004   Data   RW          759    .data               system_stm32f1xx.o
    0x20000080   0x08003738   0x0000000c   Data   RW         1088    .data               stm32f1xx_hal.o
    0x2000008c   0x08003744   0x00000004   PAD
    0x20000090        -       0x00000070   Zero   RW           23    .bss                motor.o
    0x20000100        -       0x00000024   Zero   RW          238    .bss                can.o
    0x20000124        -       0x00000154   Zero   RW          474    .bss                main.o
    0x20000278        -       0x00000060   Zero   RW         3126    .bss                c_w.l(libspace.o)
    0x200002d8        -       0x00000200   Zero   RW            2    HEAP                startup_stm32f103xb.o
    0x200004d8        -       0x00000400   Zero   RW            1    STACK               startup_stm32f103xb.o


==============================================================================

Image component sizes


      Code (inc. data)   RO Data    RW Data    ZI Data      Debug   Object Name

       284         32          0         16         36       4395   can.o
       196         14          0         14          0       2535   detector.o
       572         62          8         24          0       4929   door_control.o
        28          6         48          0          0       1215   io.o
       936         60          0          0        340       6128   main.o
       792        130          0         48        112     436342   motor.o
       112         26          0         12          0       2554   overcurrentprotection.o
       206          4          0          8          0       2191   pid.o
        64         26        236          0       1536        844   startup_stm32f103xb.o
       164         28          0         12          0       6281   stm32f1xx_hal.o
      1628          0          0          0          0      14711   stm32f1xx_hal_can.o
       198         14          0          0          0      29479   stm32f1xx_hal_cortex.o
       500         34          0          0          0       3771   stm32f1xx_hal_gpio.o
       102          0          0          0          0       2047   stm32f1xx_hal_iwdg.o
       572         72          0          0          0       4409   stm32f1xx_hal_msp.o
      1208         76          0          0          0       4326   stm32f1xx_hal_rcc.o
      1930         58          0          0          0      17399   stm32f1xx_hal_tim.o
       192         12          0          0          0       3465   stm32f1xx_hal_tim_ex.o
        68         24          0          0          0       5906   stm32f1xx_it.o
        72         12         16          4          0       1315   system_stm32f1xx.o
        72          8          0          0          0       1238   timer.o

    ----------------------------------------------------------------------
      9934        698        340        140       2028     555480   Object Totals
         0          0         32          0          0          0   (incl. Generated)
        38          0          0          2          4          0   (incl. Padding)

    ----------------------------------------------------------------------

      Code (inc. data)   RO Data    RW Data    ZI Data      Debug   Library Member Name

         8          0          0          0          0         68   __main.o
         0          0          0          0          0          0   __rtentry.o
        12          0          0          0          0          0   __rtentry2.o
         6          0          0          0          0          0   __rtentry4.o
        52          8          0          0          0          0   __scatter.o
        26          0          0          0          0          0   __scatter_copy.o
        28          0          0          0          0          0   __scatter_zi.o
        18          0          0          0          0         80   exit.o
         6          0          0          0          0        152   heapauxi.o
         0          0          0          0          0          0   indicate_semi.o
         2          0          0          0          0          0   libinit.o
         2          0          0          0          0          0   libinit2.o
         2          0          0          0          0          0   libshutdown.o
         2          0          0          0          0          0   libshutdown2.o
         8          4          0          0         96         68   libspace.o
        78          0          0          0          0         80   rt_memclr_w.o
       138          0          0          0          0         68   rt_memcpy_v6.o
       100          0          0          0          0         80   rt_memcpy_w.o
         2          0          0          0          0          0   rtexit.o
        10          0          0          0          0          0   rtexit2.o
        12          4          0          0          0         68   sys_exit.o
        74          0          0          0          0         80   sys_stackheap_outer.o
         2          0          0          0          0         68   use_no_semi.o
        98          4          0          0          0         92   d2f.o
       804         16          0          0          0        272   daddsub_clz.o
       688        140          0          0          0        208   ddiv.o
       340         12          0          0          0        104   dmul.o
       156          4          0          0          0         92   dnaninf.o
        12          0          0          0          0         68   dretinf.o
        86          4          0          0          0         84   f2d.o
       430          8          0          0          0        168   faddsub_clz.o
        62          4          0          0          0         84   ffixu.o
        48          0          0          0          0         68   fflt_clz.o
       258          4          0          0          0         84   fmul.o
       140          4          0          0          0         84   fnaninf.o
        10          0          0          0          0         68   fretinf.o
         0          0          0          0          0          0   usenofp.o

    ----------------------------------------------------------------------
      3734        216          0          0         96       2288   Library Totals
        14          0          0          0          0          0   (incl. Padding)

    ----------------------------------------------------------------------

      Code (inc. data)   RO Data    RW Data    ZI Data      Debug   Library Name

       588         16          0          0         96        812   c_w.l
      3132        200          0          0          0       1476   fz_ws.l

    ----------------------------------------------------------------------
      3734        216          0          0         96       2288   Library Totals

    ----------------------------------------------------------------------

==============================================================================


      Code (inc. data)   RO Data    RW Data    ZI Data      Debug   

     13668        914        340        140       2124     550588   Grand Totals
     13668        914        340        140       2124     550588   ELF Image Totals
     13668        914        340        140          0          0   ROM Totals

==============================================================================

    Total RO  Size (Code + RO Data)                14008 (  13.68kB)
    Total RW  Size (RW Data + ZI Data)              2264 (   2.21kB)
    Total ROM Size (Code + RO Data + RW Data)      14148 (  13.82kB)

==============================================================================

